<html>
<body>
<pre>
<h1>µVision Build Log</h1>
<h2>Tool Versions:</h2>
IDE-Version: ¦ÌVision V5.27.0.0
Copyright (C) 2018 ARM Ltd and ARM Germany GmbH. All rights reserved.
License Information: 1 11, 1, LIC=50D8T-RBXLX-ZE5H2-9P0BH-D1AVJ-R9P6X
 
Tool Versions:
Toolchain:       MDK-ARM Professional  Version: 5.27.0.0
Toolchain Path:  C:\Keil_v5\ARM\ARMCC\Bin
C Compiler:      Armcc.exe V5.06 update 6 (build 750)
Assembler:       Armasm.exe V5.06 update 6 (build 750)
Linker/Locator:  ArmLink.exe V5.06 update 6 (build 750)
Library Manager: ArmAr.exe V5.06 update 6 (build 750)
Hex Converter:   FromElf.exe V5.06 update 6 (build 750)
CPU DLL:         SARMCM3.DLL V5.27.0.0
Dialog DLL:      DCM.DLL V1.17.2.0
Target DLL:      Segger\JL2CM3.dll V2.99.34.0
Dialog DLL:      TCM.DLL V1.36.1.0
 
<h2>Project:</h2>
C:\Users\liny\Desktop\fft_project\fft_project\Project\MDK-ARM(uV5)\project.uvprojx
Project File Date:  01/12/2021

<h2>Output:</h2>
*** Using Compiler 'V5.06 update 6 (build 750)', folder: 'C:\Keil_v5\ARM\ARMCC\Bin'
Rebuild target 'Flash'
compiling main.c...
..\..\User\main.c(50): warning:  #177-D: variable "testOutput_f32_10khz"  was declared but never referenced
  static float32_t testOutput_f32_10khz[TEST_LENGTH_SAMPLES];
..\..\User\main.c(66): warning:  #177-D: variable "flag"  was declared but never referenced
  static uint8_t flag = 0;
..\..\User\main.c(67): warning:  #177-D: variable "S"  was declared but never referenced
  static 	arm_rfft_instance_q15 S;
..\..\User\main.c: 3 warnings, 0 errors
compiling bsp_beep.c...
compiling arm_fft_bin_data.c...
compiling bsp.c...
compiling bsp_key.c...
compiling bsp_led.c...
compiling bsp_timer.c...
assembling startup_stm32f407xx.s...
compiling bsp_uart_fifo.c...
compiling stm32f4xx_it.c...
compiling bsp_tim_pwm.c...
compiling stm32f4xx_hal.c...
compiling stm32f4xx_hal_cortex.c...
compiling stm32f4xx_hal_flash.c...
compiling stm32f4xx_hal_gpio.c...
compiling stm32f4xx_hal_rcc.c...
compiling stm32f4xx_hal_tim.c...
compiling stm32f4xx_hal_uart.c...
assembling HardFaultHandler.S...
assembling cr4_fft_64_stm32.s...
compiling stm32f4xx_hal_dma.c...
assembling cr4_fft_256_stm32.s...
compiling stm32f4xx_hal_flash_ex.c...
compiling stm32f4xx_hal_tim_ex.c...
compiling system_stm32f4xx.c...
assembling cr4_fft_1024_stm32.s...
compiling SEGGER_HardFaultHandler.c...
linking...
Program Size: Code=14576 RO-data=14356 RW-data=108 ZI-data=48396  
FromELF: creating hex file...
".\Objects\project.axf" - 0 Error(s), 3 Warning(s).

<h2>Software Packages used:</h2>

Package Vendor: Keil
                http://www.keil.com/pack/Keil.STM32F4xx_DFP.2.15.0.pack
                Keil.STM32F4xx_DFP.2.15.0
                STMicroelectronics STM32F4 Series Device Support, Drivers and Examples

<h2>Collection of Component include folders:</h2>
  .\RTE\_Flash
  C:\Users\liny\AppData\Local\Arm\Packs\Keil\STM32F4xx_DFP\2.15.0\Drivers\CMSIS\Device\ST\STM32F4xx\Include

<h2>Collection of Component Files used:</h2>
Build Time Elapsed:  00:00:03
</pre>
</body>
</html>
