Component: ARM Compiler 5.06 update 6 (build 750) Tool: armlink [4d35ed]

==============================================================================

Section Cross References

    main.o(i.FFTTask) refers to arm_cfft_f32.o(.text) for arm_cfft_f32
    main.o(i.FFTTask) refers to arm_cmplx_mag_f32.o(.text) for arm_cmplx_mag_f32
    main.o(i.FFTTask) refers to f2d.o(.text) for __aeabi_f2d
    main.o(i.FFTTask) refers to printfa.o(i.__0printf) for __2printf
    main.o(i.FFTTask) refers to main.o(.data) for fftSize
    main.o(i.FFTTask) refers to main.o(.bss) for ADC_ConvertedValue
    main.o(i.arm_cfft_f32_app) refers to arm_sin_f32.o(.text) for arm_sin_f32
    main.o(i.arm_cfft_f32_app) refers to arm_cfft_f32.o(.text) for arm_cfft_f32
    main.o(i.arm_cfft_f32_app) refers to arm_cmplx_mag_f32.o(.text) for arm_cmplx_mag_f32
    main.o(i.arm_cfft_f32_app) refers to f2d.o(.text) for __aeabi_f2d
    main.o(i.arm_cfft_f32_app) refers to printfa.o(i.__0printf) for __2printf
    main.o(i.arm_cfft_f32_app) refers to main.o(.data) for fftSize
    main.o(i.arm_cfft_f32_app) refers to main.o(.bss) for testInput_f32_10khz
    main.o(i.arm_cfft_f32_app) refers to arm_const_structs.o(.constdata) for arm_cfft_sR_f32_len1024
    main.o(i.main) refers to memcpya.o(.text) for __aeabi_memcpy4
    main.o(i.main) refers to bsp.o(i.bsp_Init) for bsp_Init
    main.o(i.main) refers to bsp_timer.o(i.bsp_StartAutoTimer) for bsp_StartAutoTimer
    main.o(i.main) refers to bsp.o(i.bsp_Idle) for bsp_Idle
    main.o(i.main) refers to bsp_uart_fifo.o(i.comGetChar) for comGetChar
    main.o(i.main) refers to strlen.o(.text) for strlen
    main.o(i.main) refers to bsp_uart_fifo.o(i.comSendBuf) for comSendBuf
    main.o(i.main) refers to main.o(i.arm_cfft_f32_app) for arm_cfft_f32_app
    main.o(i.xcorr_test) refers to main.o(i.xcorr_func) for xcorr_func
    main.o(i.xcorr_test) refers to f2d.o(.text) for __aeabi_f2d
    main.o(i.xcorr_test) refers to printfa.o(i.__0printf) for __2printf
    main.o(i.xcorr_test) refers to main.o(.bss) for xcorr_out
    main.o(i.xcorr_test) refers to main.o(.data) for a
    bsp.o(i.SystemClock_Config) refers to stm32f4xx_hal_rcc.o(i.HAL_RCC_OscConfig) for HAL_RCC_OscConfig
    bsp.o(i.SystemClock_Config) refers to bsp.o(i.Error_Handler) for Error_Handler
    bsp.o(i.SystemClock_Config) refers to stm32f4xx_hal_rcc.o(i.HAL_RCC_ClockConfig) for HAL_RCC_ClockConfig
    bsp.o(i.SystemClock_Config) refers to stm32f4xx_hal.o(i.HAL_EnableCompensationCell) for HAL_EnableCompensationCell
    bsp.o(i.bsp_Init) refers to stm32f4xx_hal.o(i.HAL_Init) for HAL_Init
    bsp.o(i.bsp_Init) refers to bsp.o(i.SystemClock_Config) for SystemClock_Config
    bsp.o(i.bsp_Init) refers to bsp_timer.o(i.bsp_InitTimer) for bsp_InitTimer
    bsp.o(i.bsp_Init) refers to bsp_uart_fifo.o(i.bsp_InitUart) for bsp_InitUart
    bsp.o(i.bsp_Init) refers to bsp_beep.o(i.BEEP_InitHard) for BEEP_InitHard
    bsp_key.o(i.IsKeyDownFunc) refers to bsp_key.o(i.KeyPinActive) for KeyPinActive
    bsp_key.o(i.KeyPinActive) refers to bsp_key.o(.constdata) for s_gpio_list
    bsp_key.o(i.bsp_ClearKey) refers to bsp_key.o(.bss) for s_tKey
    bsp_key.o(i.bsp_DetectFastIO) refers to bsp_key.o(i.IsKeyDownFunc) for IsKeyDownFunc
    bsp_key.o(i.bsp_DetectFastIO) refers to bsp_key.o(i.bsp_PutKey) for bsp_PutKey
    bsp_key.o(i.bsp_DetectFastIO) refers to bsp_key.o(.bss) for s_tBtn
    bsp_key.o(i.bsp_DetectKey) refers to bsp_key.o(i.IsKeyDownFunc) for IsKeyDownFunc
    bsp_key.o(i.bsp_DetectKey) refers to bsp_key.o(i.bsp_PutKey) for bsp_PutKey
    bsp_key.o(i.bsp_DetectKey) refers to bsp_key.o(.bss) for s_tBtn
    bsp_key.o(i.bsp_GetKey) refers to bsp_key.o(.bss) for s_tKey
    bsp_key.o(i.bsp_GetKey2) refers to bsp_key.o(.bss) for s_tKey
    bsp_key.o(i.bsp_GetKeyState) refers to bsp_key.o(.bss) for s_tBtn
    bsp_key.o(i.bsp_InitKey) refers to bsp_key.o(i.bsp_InitKeyVar) for bsp_InitKeyVar
    bsp_key.o(i.bsp_InitKey) refers to bsp_key.o(i.bsp_InitKeyHard) for bsp_InitKeyHard
    bsp_key.o(i.bsp_InitKeyHard) refers to stm32f4xx_hal_gpio.o(i.HAL_GPIO_Init) for HAL_GPIO_Init
    bsp_key.o(i.bsp_InitKeyHard) refers to bsp_key.o(.constdata) for s_gpio_list
    bsp_key.o(i.bsp_InitKeyVar) refers to bsp_key.o(i.bsp_SetKeyParam) for bsp_SetKeyParam
    bsp_key.o(i.bsp_InitKeyVar) refers to bsp_key.o(.bss) for s_tKey
    bsp_key.o(i.bsp_KeyScan10ms) refers to bsp_key.o(i.bsp_DetectKey) for bsp_DetectKey
    bsp_key.o(i.bsp_KeyScan1ms) refers to bsp_key.o(i.bsp_DetectFastIO) for bsp_DetectFastIO
    bsp_key.o(i.bsp_PutKey) refers to bsp_key.o(.bss) for s_tKey
    bsp_key.o(i.bsp_SetKeyParam) refers to bsp_key.o(.bss) for s_tBtn
    bsp_led.o(i.bsp_InitLed) refers to bsp_led.o(i.bsp_LedOff) for bsp_LedOff
    bsp_led.o(i.bsp_InitLed) refers to stm32f4xx_hal_gpio.o(i.HAL_GPIO_Init) for HAL_GPIO_Init
    bsp_beep.o(i.BEEP_InitHard) refers to bsp_beep.o(.bss) for g_tBeep
    bsp_beep.o(i.BEEP_KeyTone) refers to bsp_beep.o(i.BEEP_Start) for BEEP_Start
[...]
    Removing stm32f4xx_hal_tim.o(i.TIM_TI2_ConfigInputStage), (40 bytes).
    Removing stm32f4xx_hal_tim.o(i.TIM_TI2_SetConfig), (58 bytes).
    Removing stm32f4xx_hal_tim.o(i.TIM_TI3_SetConfig), (56 bytes).
    Removing stm32f4xx_hal_tim.o(i.TIM_TI4_SetConfig), (60 bytes).
    Removing stm32f4xx_hal_uart.o(.rev16_text), (4 bytes).
    Removing stm32f4xx_hal_uart.o(.revsh_text), (4 bytes).
    Removing stm32f4xx_hal_uart.o(.rrx_text), (6 bytes).
    Removing stm32f4xx_hal_uart.o(i.HAL_HalfDuplex_EnableReceiver), (68 bytes).
    Removing stm32f4xx_hal_uart.o(i.HAL_HalfDuplex_EnableTransmitter), (68 bytes).
    Removing stm32f4xx_hal_uart.o(i.HAL_HalfDuplex_Init), (118 bytes).
    Removing stm32f4xx_hal_uart.o(i.HAL_LIN_Init), (142 bytes).
    Removing stm32f4xx_hal_uart.o(i.HAL_LIN_SendBreak), (62 bytes).
    Removing stm32f4xx_hal_uart.o(i.HAL_MultiProcessor_EnterMuteMode), (62 bytes).
    Removing stm32f4xx_hal_uart.o(i.HAL_MultiProcessor_ExitMuteMode), (62 bytes).
    Removing stm32f4xx_hal_uart.o(i.HAL_MultiProcessor_Init), (154 bytes).
    Removing stm32f4xx_hal_uart.o(i.HAL_UART_Abort), (170 bytes).
    Removing stm32f4xx_hal_uart.o(i.HAL_UART_AbortCpltCallback), (2 bytes).
    Removing stm32f4xx_hal_uart.o(i.HAL_UART_AbortReceive), (102 bytes).
    Removing stm32f4xx_hal_uart.o(i.HAL_UART_AbortReceiveCpltCallback), (2 bytes).
    Removing stm32f4xx_hal_uart.o(i.HAL_UART_AbortReceive_IT), (120 bytes).
    Removing stm32f4xx_hal_uart.o(i.HAL_UART_AbortTransmit), (90 bytes).
    Removing stm32f4xx_hal_uart.o(i.HAL_UART_AbortTransmitCpltCallback), (2 bytes).
    Removing stm32f4xx_hal_uart.o(i.HAL_UART_AbortTransmit_IT), (108 bytes).
    Removing stm32f4xx_hal_uart.o(i.HAL_UART_Abort_IT), (224 bytes).
    Removing stm32f4xx_hal_uart.o(i.HAL_UART_DMAPause), (124 bytes).
    Removing stm32f4xx_hal_uart.o(i.HAL_UART_DMAResume), (126 bytes).
    Removing stm32f4xx_hal_uart.o(i.HAL_UART_DMAStop), (102 bytes).
    Removing stm32f4xx_hal_uart.o(i.HAL_UART_DeInit), (58 bytes).
    Removing stm32f4xx_hal_uart.o(i.HAL_UART_ErrorCallback), (2 bytes).
    Removing stm32f4xx_hal_uart.o(i.HAL_UART_GetError), (6 bytes).
    Removing stm32f4xx_hal_uart.o(i.HAL_UART_GetState), (20 bytes).
    Removing stm32f4xx_hal_uart.o(i.HAL_UART_IRQHandler), (332 bytes).
    Removing stm32f4xx_hal_uart.o(i.HAL_UART_MspDeInit), (2 bytes).
    Removing stm32f4xx_hal_uart.o(i.HAL_UART_Receive), (222 bytes).
    Removing stm32f4xx_hal_uart.o(i.HAL_UART_Receive_DMA), (196 bytes).
    Removing stm32f4xx_hal_uart.o(i.HAL_UART_Receive_IT), (112 bytes).
    Removing stm32f4xx_hal_uart.o(i.HAL_UART_RxCpltCallback), (2 bytes).
    Removing stm32f4xx_hal_uart.o(i.HAL_UART_RxHalfCpltCallback), (2 bytes).
    Removing stm32f4xx_hal_uart.o(i.HAL_UART_Transmit), (214 bytes).
    Removing stm32f4xx_hal_uart.o(i.HAL_UART_Transmit_DMA), (156 bytes).
    Removing stm32f4xx_hal_uart.o(i.HAL_UART_Transmit_IT), (88 bytes).
    Removing stm32f4xx_hal_uart.o(i.HAL_UART_TxCpltCallback), (2 bytes).
    Removing stm32f4xx_hal_uart.o(i.HAL_UART_TxHalfCpltCallback), (2 bytes).
    Removing stm32f4xx_hal_uart.o(i.UART_DMAAbortOnError), (20 bytes).
    Removing stm32f4xx_hal_uart.o(i.UART_DMAError), (80 bytes).
    Removing stm32f4xx_hal_uart.o(i.UART_DMAReceiveCplt), (70 bytes).
    Removing stm32f4xx_hal_uart.o(i.UART_DMARxAbortCallback), (52 bytes).
    Removing stm32f4xx_hal_uart.o(i.UART_DMARxHalfCplt), (14 bytes).
    Removing stm32f4xx_hal_uart.o(i.UART_DMARxOnlyAbortCallback), (24 bytes).
    Removing stm32f4xx_hal_uart.o(i.UART_DMATransmitCplt), (54 bytes).
    Removing stm32f4xx_hal_uart.o(i.UART_DMATxAbortCallback), (52 bytes).
    Removing stm32f4xx_hal_uart.o(i.UART_DMATxHalfCplt), (14 bytes).
    Removing stm32f4xx_hal_uart.o(i.UART_DMATxOnlyAbortCallback), (24 bytes).
    Removing stm32f4xx_hal_uart.o(i.UART_EndRxTransfer), (32 bytes).
    Removing stm32f4xx_hal_uart.o(i.UART_EndTransmit_IT), (32 bytes).
    Removing stm32f4xx_hal_uart.o(i.UART_EndTxTransfer), (20 bytes).
    Removing stm32f4xx_hal_uart.o(i.UART_Receive_IT), (166 bytes).
    Removing stm32f4xx_hal_uart.o(i.UART_Transmit_IT), (104 bytes).
    Removing stm32f4xx_hal_uart.o(i.UART_WaitOnFlagUntilTimeout), (108 bytes).
    Removing stm32f4xx_hal_dma.o(.rev16_text), (4 bytes).
    Removing stm32f4xx_hal_dma.o(.revsh_text), (4 bytes).
    Removing stm32f4xx_hal_dma.o(.rrx_text), (6 bytes).
    Removing stm32f4xx_hal_dma.o(i.DMA_CalcBaseAndBitshift), (52 bytes).
    Removing stm32f4xx_hal_dma.o(i.DMA_CheckFifoParam), (170 bytes).
    Removing stm32f4xx_hal_dma.o(i.DMA_SetConfig), (44 bytes).
    Removing stm32f4xx_hal_dma.o(i.HAL_DMA_Abort), (170 bytes).
    Removing stm32f4xx_hal_dma.o(i.HAL_DMA_Abort_IT), (40 bytes).
    Removing stm32f4xx_hal_dma.o(i.HAL_DMA_DeInit), (112 bytes).
    Removing stm32f4xx_hal_dma.o(i.HAL_DMA_GetError), (6 bytes).
    Removing stm32f4xx_hal_dma.o(i.HAL_DMA_GetState), (8 bytes).
    Removing stm32f4xx_hal_dma.o(i.HAL_DMA_IRQHandler), (576 bytes).
    Removing stm32f4xx_hal_dma.o(i.HAL_DMA_Init), (236 bytes).
    Removing stm32f4xx_hal_dma.o(i.HAL_DMA_PollForTransfer), (346 bytes).
    Removing stm32f4xx_hal_dma.o(i.HAL_DMA_RegisterCallback), (94 bytes).
    Removing stm32f4xx_hal_dma.o(i.HAL_DMA_Start), (102 bytes).
    Removing stm32f4xx_hal_dma.o(i.HAL_DMA_Start_IT), (158 bytes).
    Removing stm32f4xx_hal_dma.o(i.HAL_DMA_UnRegisterCallback), (124 bytes).
    Removing stm32f4xx_hal_dma.o(.constdata), (8 bytes).
    Removing stm32f4xx_hal_tim_ex.o(.rev16_text), (4 bytes).
    Removing stm32f4xx_hal_tim_ex.o(.revsh_text), (4 bytes).
    Removing stm32f4xx_hal_tim_ex.o(.rrx_text), (6 bytes).
    Removing stm32f4xx_hal_tim_ex.o(i.HAL_TIMEx_BreakCallback), (2 bytes).
    Removing stm32f4xx_hal_tim_ex.o(i.HAL_TIMEx_CommutCallback), (2 bytes).
    Removing stm32f4xx_hal_tim_ex.o(i.HAL_TIMEx_CommutHalfCpltCallback), (2 bytes).
    Removing stm32f4xx_hal_tim_ex.o(i.HAL_TIMEx_ConfigBreakDeadTime), (116 bytes).
    Removing stm32f4xx_hal_tim_ex.o(i.HAL_TIMEx_ConfigCommutEvent), (134 bytes).
    Removing stm32f4xx_hal_tim_ex.o(i.HAL_TIMEx_ConfigCommutEvent_DMA), (164 bytes).
    Removing stm32f4xx_hal_tim_ex.o(i.HAL_TIMEx_ConfigCommutEvent_IT), (134 bytes).
    Removing stm32f4xx_hal_tim_ex.o(i.HAL_TIMEx_HallSensor_DeInit), (70 bytes).
    Removing stm32f4xx_hal_tim_ex.o(i.HAL_TIMEx_HallSensor_GetState), (8 bytes).
    Removing stm32f4xx_hal_tim_ex.o(i.HAL_TIMEx_HallSensor_Init), (208 bytes).
    Removing stm32f4xx_hal_tim_ex.o(i.HAL_TIMEx_HallSensor_MspDeInit), (2 bytes).
    Removing stm32f4xx_hal_tim_ex.o(i.HAL_TIMEx_HallSensor_MspInit), (2 bytes).
    Removing stm32f4xx_hal_tim_ex.o(i.HAL_TIMEx_HallSensor_Start), (42 bytes).
    Removing stm32f4xx_hal_tim_ex.o(i.HAL_TIMEx_HallSensor_Start_DMA), (144 bytes).
    Removing stm32f4xx_hal_tim_ex.o(i.HAL_TIMEx_HallSensor_Start_IT), (54 bytes).
    Removing stm32f4xx_hal_tim_ex.o(i.HAL_TIMEx_HallSensor_Stop), (56 bytes).
    Removing stm32f4xx_hal_tim_ex.o(i.HAL_TIMEx_HallSensor_Stop_DMA), (74 bytes).
    Removing stm32f4xx_hal_tim_ex.o(i.HAL_TIMEx_HallSensor_Stop_IT), (68 bytes).
    Removing stm32f4xx_hal_tim_ex.o(i.HAL_TIMEx_MasterConfigSynchronization), (84 bytes).
    Removing stm32f4xx_hal_tim_ex.o(i.HAL_TIMEx_OCN_Start), (56 bytes).
    Removing stm32f4xx_hal_tim_ex.o(i.HAL_TIMEx_OCN_Start_DMA), (288 bytes).
    Removing stm32f4xx_hal_tim_ex.o(i.HAL_TIMEx_OCN_Start_IT), (126 bytes).
    Removing stm32f4xx_hal_tim_ex.o(i.HAL_TIMEx_OCN_Stop), (96 bytes).
    Removing stm32f4xx_hal_tim_ex.o(i.HAL_TIMEx_OCN_Stop_DMA), (178 bytes).
    Removing stm32f4xx_hal_tim_ex.o(i.HAL_TIMEx_OCN_Stop_IT), (178 bytes).
    Removing stm32f4xx_hal_tim_ex.o(i.HAL_TIMEx_OnePulseN_Start), (32 bytes).
    Removing stm32f4xx_hal_tim_ex.o(i.HAL_TIMEx_OnePulseN_Start_IT), (56 bytes).
    Removing stm32f4xx_hal_tim_ex.o(i.HAL_TIMEx_OnePulseN_Stop), (96 bytes).
    Removing stm32f4xx_hal_tim_ex.o(i.HAL_TIMEx_OnePulseN_Stop_IT), (120 bytes).
    Removing stm32f4xx_hal_tim_ex.o(i.HAL_TIMEx_PWMN_Start), (56 bytes).
    Removing stm32f4xx_hal_tim_ex.o(i.HAL_TIMEx_PWMN_Start_DMA), (288 bytes).
    Removing stm32f4xx_hal_tim_ex.o(i.HAL_TIMEx_PWMN_Start_IT), (126 bytes).
    Removing stm32f4xx_hal_tim_ex.o(i.HAL_TIMEx_PWMN_Stop), (96 bytes).
    Removing stm32f4xx_hal_tim_ex.o(i.HAL_TIMEx_PWMN_Stop_DMA), (178 bytes).
    Removing stm32f4xx_hal_tim_ex.o(i.HAL_TIMEx_PWMN_Stop_IT), (178 bytes).
    Removing stm32f4xx_hal_tim_ex.o(i.HAL_TIMEx_RemapConfig), (42 bytes).
    Removing stm32f4xx_hal_tim_ex.o(i.TIMEx_DMACommutationCplt), (20 bytes).
    Removing stm32f4xx_hal_tim_ex.o(i.TIMEx_DMACommutationHalfCplt), (20 bytes).
    Removing stm32f4xx_hal_tim_ex.o(i.TIM_CCxNChannelCmd), (34 bytes).
    Removing stm32f4xx_hal_flash_ex.o(.rev16_text), (4 bytes).
    Removing stm32f4xx_hal_flash_ex.o(.revsh_text), (4 bytes).
    Removing stm32f4xx_hal_flash_ex.o(.rrx_text), (6 bytes).
    Removing stm32f4xx_hal_flash_ex.o(i.FLASH_Erase_Sector), (92 bytes).
    Removing stm32f4xx_hal_flash_ex.o(i.FLASH_FlushCaches), (120 bytes).
    Removing stm32f4xx_hal_flash_ex.o(i.FLASH_MassErase), (48 bytes).
    Removing stm32f4xx_hal_flash_ex.o(i.FLASH_OB_BOR_LevelConfig), (32 bytes).
    Removing stm32f4xx_hal_flash_ex.o(i.FLASH_OB_DisableWRP), (40 bytes).
    Removing stm32f4xx_hal_flash_ex.o(i.FLASH_OB_EnableWRP), (40 bytes).
    Removing stm32f4xx_hal_flash_ex.o(i.FLASH_OB_GetBOR), (16 bytes).
    Removing stm32f4xx_hal_flash_ex.o(i.FLASH_OB_GetRDP), (36 bytes).
    Removing stm32f4xx_hal_flash_ex.o(i.FLASH_OB_GetUser), (16 bytes).
    Removing stm32f4xx_hal_flash_ex.o(i.FLASH_OB_GetWRP), (12 bytes).
    Removing stm32f4xx_hal_flash_ex.o(i.FLASH_OB_RDP_LevelConfig), (32 bytes).
    Removing stm32f4xx_hal_flash_ex.o(i.FLASH_OB_UserConfig), (60 bytes).
    Removing stm32f4xx_hal_flash_ex.o(i.HAL_FLASHEx_Erase), (172 bytes).
    Removing stm32f4xx_hal_flash_ex.o(i.HAL_FLASHEx_Erase_IT), (120 bytes).
    Removing stm32f4xx_hal_flash_ex.o(i.HAL_FLASHEx_OBGetConfig), (34 bytes).
    Removing stm32f4xx_hal_flash_ex.o(i.HAL_FLASHEx_OBProgram), (148 bytes).
    Removing system_stm32f4xx.o(.rev16_text), (4 bytes).
    Removing system_stm32f4xx.o(.revsh_text), (4 bytes).
    Removing system_stm32f4xx.o(.rrx_text), (6 bytes).
    Removing system_stm32f4xx.o(i.SystemCoreClockUpdate), (192 bytes).
    Removing segger_hardfaulthandler.o(.rev16_text), (4 bytes).
    Removing segger_hardfaulthandler.o(.revsh_text), (4 bytes).
    Removing segger_hardfaulthandler.o(.rrx_text), (6 bytes).
    Removing cr4_fft_64_stm32.o(.text), (718 bytes).
    Removing cr4_fft_256_stm32.o(.text), (1502 bytes).
    Removing cr4_fft_1024_stm32.o(.text), (4576 bytes).
    Removing arm_sin_f32.o(.rev16_text), (4 bytes).
    Removing arm_sin_f32.o(.revsh_text), (4 bytes).
    Removing arm_sin_f32.o(.rrx_text), (6 bytes).
    Removing arm_cmplx_mag_f32.o(.rev16_text), (4 bytes).
    Removing arm_cmplx_mag_f32.o(.revsh_text), (4 bytes).
    Removing arm_cmplx_mag_f32.o(.rrx_text), (6 bytes).
    Removing arm_cfft_f32.o(.rev16_text), (4 bytes).
    Removing arm_cfft_f32.o(.revsh_text), (4 bytes).
    Removing arm_cfft_f32.o(.rrx_text), (6 bytes).
    Removing arm_const_structs.o(.rev16_text), (4 bytes).
    Removing arm_const_structs.o(.revsh_text), (4 bytes).
    Removing arm_const_structs.o(.rrx_text), (6 bytes).
    Removing arm_const_structs.o(.constdata), (16 bytes).
    Removing arm_const_structs.o(.constdata), (16 bytes).
    Removing arm_const_structs.o(.constdata), (16 bytes).
    Removing arm_const_structs.o(.constdata), (16 bytes).
    Removing arm_const_structs.o(.constdata), (16 bytes).
    Removing arm_const_structs.o(.constdata), (16 bytes).
    Removing arm_const_structs.o(.constdata), (16 bytes).
    Removing arm_const_structs.o(.constdata), (16 bytes).
    Removing arm_const_structs.o(.constdata), (16 bytes).
    Removing arm_const_structs.o(.constdata), (16 bytes).
    Removing arm_const_structs.o(.constdata), (16 bytes).
    Removing arm_const_structs.o(.constdata), (16 bytes).
    Removing arm_const_structs.o(.constdata), (16 bytes).
    Removing arm_const_structs.o(.constdata), (16 bytes).
    Removing arm_const_structs.o(.constdata), (16 bytes).
    Removing arm_const_structs.o(.constdata), (16 bytes).
    Removing arm_const_structs.o(.constdata), (16 bytes).
    Removing arm_const_structs.o(.constdata), (16 bytes).
    Removing arm_const_structs.o(.constdata), (16 bytes).
    Removing arm_const_structs.o(.constdata), (16 bytes).
    Removing arm_const_structs.o(.constdata), (16 bytes).
    Removing arm_const_structs.o(.constdata), (16 bytes).
    Removing arm_const_structs.o(.constdata), (16 bytes).
    Removing arm_const_structs.o(.constdata), (16 bytes).
    Removing arm_const_structs.o(.constdata), (16 bytes).
    Removing arm_const_structs.o(.constdata), (16 bytes).
    Removing arm_cfft_radix8_f32.o(.rev16_text), (4 bytes).
    Removing arm_cfft_radix8_f32.o(.revsh_text), (4 bytes).
    Removing arm_cfft_radix8_f32.o(.rrx_text), (6 bytes).
    Removing arm_common_tables.o(.rev16_text), (4 bytes).
    Removing arm_common_tables.o(.revsh_text), (4 bytes).
    Removing arm_common_tables.o(.rrx_text), (6 bytes).
    Removing arm_common_tables.o(.constdata), (2048 bytes).
    Removing arm_common_tables.o(.constdata), (128 bytes).
    Removing arm_common_tables.o(.constdata), (256 bytes).
    Removing arm_common_tables.o(.constdata), (512 bytes).
    Removing arm_common_tables.o(.constdata), (1024 bytes).
    Removing arm_common_tables.o(.constdata), (2048 bytes).
    Removing arm_common_tables.o(.constdata), (4096 bytes).
    Removing arm_common_tables.o(.constdata), (16384 bytes).
    Removing arm_common_tables.o(.constdata), (32768 bytes).
    Removing arm_common_tables.o(.constdata), (96 bytes).
    Removing arm_common_tables.o(.constdata), (192 bytes).
    Removing arm_common_tables.o(.constdata), (384 bytes).
    Removing arm_common_tables.o(.constdata), (768 bytes).
    Removing arm_common_tables.o(.constdata), (1536 bytes).
    Removing arm_common_tables.o(.constdata), (3072 bytes).
    Removing arm_common_tables.o(.constdata), (6144 bytes).
    Removing arm_common_tables.o(.constdata), (12288 bytes).
    Removing arm_common_tables.o(.constdata), (24576 bytes).
    Removing arm_common_tables.o(.constdata), (48 bytes).
    Removing arm_common_tables.o(.constdata), (96 bytes).
    Removing arm_common_tables.o(.constdata), (192 bytes).
    Removing arm_common_tables.o(.constdata), (384 bytes).
    Removing arm_common_tables.o(.constdata), (768 bytes).
    Removing arm_common_tables.o(.constdata), (1536 bytes).
    Removing arm_common_tables.o(.constdata), (3072 bytes).
    Removing arm_common_tables.o(.constdata), (6144 bytes).
    Removing arm_common_tables.o(.constdata), (12288 bytes).
    Removing arm_common_tables.o(.constdata), (128 bytes).
    Removing arm_common_tables.o(.constdata), (256 bytes).
    Removing arm_common_tables.o(.constdata), (40 bytes).
    Removing arm_common_tables.o(.constdata), (96 bytes).
    Removing arm_common_tables.o(.constdata), (112 bytes).
    Removing arm_common_tables.o(.constdata), (416 bytes).
    Removing arm_common_tables.o(.constdata), (880 bytes).
    Removing arm_common_tables.o(.constdata), (896 bytes).
    Removing arm_common_tables.o(.constdata), (7616 bytes).
    Removing arm_common_tables.o(.constdata), (8064 bytes).
    Removing arm_common_tables.o(.constdata), (24 bytes).
    Removing arm_common_tables.o(.constdata), (48 bytes).
    Removing arm_common_tables.o(.constdata), (112 bytes).
    Removing arm_common_tables.o(.constdata), (224 bytes).
    Removing arm_common_tables.o(.constdata), (480 bytes).
    Removing arm_common_tables.o(.constdata), (960 bytes).
    Removing arm_common_tables.o(.constdata), (1984 bytes).
    Removing arm_common_tables.o(.constdata), (3968 bytes).
    Removing arm_common_tables.o(.constdata), (8064 bytes).
    Removing arm_common_tables.o(.constdata), (128 bytes).
    Removing arm_common_tables.o(.constdata), (256 bytes).
    Removing arm_common_tables.o(.constdata), (512 bytes).
    Removing arm_common_tables.o(.constdata), (1024 bytes).
    Removing arm_common_tables.o(.constdata), (2048 bytes).
    Removing arm_common_tables.o(.constdata), (4096 bytes).
    Removing arm_common_tables.o(.constdata), (8192 bytes).
    Removing arm_common_tables.o(.constdata), (16384 bytes).
    Removing arm_common_tables.o(.constdata), (2052 bytes).
    Removing arm_common_tables.o(.constdata), (1026 bytes).

533 unused section(s) (total 251275 bytes) removed from the image.

==============================================================================

Image Symbol Table

    Local Symbols

    Symbol Name                              Value     Ov Type        Size  Object(Section)

    ../clib/microlib/division.c              0x00000000   Number         0  uidiv.o ABSOLUTE
    ../clib/microlib/division.c              0x00000000   Number         0  uldiv.o ABSOLUTE
    ../clib/microlib/init/entry.s            0x00000000   Number         0  entry11b.o ABSOLUTE
    ../clib/microlib/init/entry.s            0x00000000   Number         0  entry8a.o ABSOLUTE
    ../clib/microlib/init/entry.s            0x00000000   Number         0  entry11a.o ABSOLUTE
    ../clib/microlib/init/entry.s            0x00000000   Number         0  entry10b.o ABSOLUTE
    ../clib/microlib/init/entry.s            0x00000000   Number         0  entry10a.o ABSOLUTE
    ../clib/microlib/init/entry.s            0x00000000   Number         0  entry9b.o ABSOLUTE
    ../clib/microlib/init/entry.s            0x00000000   Number         0  entry5.o ABSOLUTE
    ../clib/microlib/init/entry.s            0x00000000   Number         0  entry9a.o ABSOLUTE
    ../clib/microlib/init/entry.s            0x00000000   Number         0  entry8b.o ABSOLUTE
    ../clib/microlib/init/entry.s            0x00000000   Number         0  entry2.o ABSOLUTE
    ../clib/microlib/init/entry.s            0x00000000   Number         0  entry7a.o ABSOLUTE
    ../clib/microlib/init/entry.s            0x00000000   Number         0  entry7b.o ABSOLUTE
    ../clib/microlib/init/entry.s            0x00000000   Number         0  entry.o ABSOLUTE
    ../clib/microlib/longlong.c              0x00000000   Number         0  llushr.o ABSOLUTE
    ../clib/microlib/longlong.c              0x00000000   Number         0  llshl.o ABSOLUTE
    ../clib/microlib/longlong.c              0x00000000   Number         0  llsshr.o ABSOLUTE
    ../clib/microlib/printf/printf.c         0x00000000   Number         0  printf6.o ABSOLUTE
    ../clib/microlib/printf/printf.c         0x00000000   Number         0  printf7.o ABSOLUTE
    ../clib/microlib/printf/printf.c         0x00000000   Number         0  printfa.o ABSOLUTE
    ../clib/microlib/printf/printf.c         0x00000000   Number         0  printf8.o ABSOLUTE
    ../clib/microlib/printf/printf.c         0x00000000   Number         0  printf3.o ABSOLUTE
    ../clib/microlib/printf/printf.c         0x00000000   Number         0  printfb.o ABSOLUTE
    ../clib/microlib/printf/printf.c         0x00000000   Number         0  printf0.o ABSOLUTE
    ../clib/microlib/printf/printf.c         0x00000000   Number         0  printf1.o ABSOLUTE
    ../clib/microlib/printf/printf.c         0x00000000   Number         0  printf2.o ABSOLUTE
    ../clib/microlib/printf/printf.c         0x00000000   Number         0  printf4.o ABSOLUTE
    ../clib/microlib/printf/printf.c         0x00000000   Number         0  printf5.o ABSOLUTE
    ../clib/microlib/printf/stubs.s          0x00000000   Number         0  stubs.o ABSOLUTE
    ../clib/microlib/stdio/streams.c         0x00000000   Number         0  stdout.o ABSOLUTE
    ../clib/microlib/string/memcpy.c         0x00000000   Number         0  memcpya.o ABSOLUTE
    ../clib/microlib/string/memcpy.c         0x00000000   Number         0  memcpyb.o ABSOLUTE
    ../clib/microlib/string/memset.c         0x00000000   Number         0  memseta.o ABSOLUTE
    ../clib/microlib/string/strlen.c         0x00000000   Number         0  strlen.o ABSOLUTE
    ../clib/microlib/stubs.s                 0x00000000   Number         0  iusefp.o ABSOLUTE
    ../fplib/microlib/f2d.c                  0x00000000   Number         0  f2d.o ABSOLUTE
    ../fplib/microlib/fpadd.c                0x00000000   Number         0  dadd.o ABSOLUTE
    ../fplib/microlib/fpdiv.c                0x00000000   Number         0  ddiv.o ABSOLUTE
    ../fplib/microlib/fpepilogue.c           0x00000000   Number         0  depilogue.o ABSOLUTE
    ../fplib/microlib/fpfix.c                0x00000000   Number         0  dfixul.o ABSOLUTE
    ../fplib/microlib/fpmul.c                0x00000000   Number         0  dmul.o ABSOLUTE
    ..\..\Libraries\CMSIS\Device\ST\STM32F4xx\Source\Templates\arm\startup_stm32f407xx.s 0x00000000   Number         0  startup_stm32f407xx.o ABSOLUTE
    ..\..\Libraries\CMSIS\Device\ST\STM32F4xx\Source\Templates\system_stm32f4xx.c 0x00000000   Number         0  system_stm32f4xx.o ABSOLUTE
    ..\..\Libraries\STM32F10x_DSP_Lib\src\asm\arm\cr4_fft_1024_stm32.s 0x00000000   Number         0  cr4_fft_1024_stm32.o ABSOLUTE
    ..\..\Libraries\STM32F10x_DSP_Lib\src\asm\arm\cr4_fft_256_stm32.s 0x00000000   Number         0  cr4_fft_256_stm32.o ABSOLUTE
    ..\..\Libraries\STM32F10x_DSP_Lib\src\asm\arm\cr4_fft_64_stm32.s 0x00000000   Number         0  cr4_fft_64_stm32.o ABSOLUTE
    ..\..\Libraries\STM32F4xx_HAL_Driver\Src\stm32f4xx_hal.c 0x00000000   Number         0  stm32f4xx_hal.o ABSOLUTE
    ..\..\Libraries\STM32F4xx_HAL_Driver\Src\stm32f4xx_hal_cortex.c 0x00000000   Number         0  stm32f4xx_hal_cortex.o ABSOLUTE
    ..\..\Libraries\STM32F4xx_HAL_Driver\Src\stm32f4xx_hal_dma.c 0x00000000   Number         0  stm32f4xx_hal_dma.o ABSOLUTE
    ..\..\Libraries\STM32F4xx_HAL_Driver\Src\stm32f4xx_hal_flash.c 0x00000000   Number         0  stm32f4xx_hal_flash.o ABSOLUTE
    ..\..\Libraries\STM32F4xx_HAL_Driver\Src\stm32f4xx_hal_flash_ex.c 0x00000000   Number         0  stm32f4xx_hal_flash_ex.o ABSOLUTE
    ..\..\Libraries\STM32F4xx_HAL_Driver\Src\stm32f4xx_hal_gpio.c 0x00000000   Number         0  stm32f4xx_hal_gpio.o ABSOLUTE
    ..\..\Libraries\STM32F4xx_HAL_Driver\Src\stm32f4xx_hal_rcc.c 0x00000000   Number         0  stm32f4xx_hal_rcc.o ABSOLUTE
    ..\..\Libraries\STM32F4xx_HAL_Driver\Src\stm32f4xx_hal_tim.c 0x00000000   Number         0  stm32f4xx_hal_tim.o ABSOLUTE
    ..\..\Libraries\STM32F4xx_HAL_Driver\Src\stm32f4xx_hal_tim_ex.c 0x00000000   Number         0  stm32f4xx_hal_tim_ex.o ABSOLUTE
    ..\..\Libraries\STM32F4xx_HAL_Driver\Src\stm32f4xx_hal_uart.c 0x00000000   Number         0  stm32f4xx_hal_uart.o ABSOLUTE
    ..\..\User\arm_fft_bin_data.c            0x00000000   Number         0  arm_fft_bin_data.o ABSOLUTE
    ..\..\User\bsp\bsp.c                     0x00000000   Number         0  bsp.o ABSOLUTE
    ..\..\User\bsp\src\bsp_beep.c            0x00000000   Number         0  bsp_beep.o ABSOLUTE
    ..\..\User\bsp\src\bsp_key.c             0x00000000   Number         0  bsp_key.o ABSOLUTE
    ..\..\User\bsp\src\bsp_led.c             0x00000000   Number         0  bsp_led.o ABSOLUTE
    ..\..\User\bsp\src\bsp_tim_pwm.c         0x00000000   Number         0  bsp_tim_pwm.o ABSOLUTE
    ..\..\User\bsp\src\bsp_timer.c           0x00000000   Number         0  bsp_timer.o ABSOLUTE
    ..\..\User\bsp\src\bsp_uart_fifo.c       0x00000000   Number         0  bsp_uart_fifo.o ABSOLUTE
    ..\..\User\bsp\stm32f4xx_it.c            0x00000000   Number         0  stm32f4xx_it.o ABSOLUTE
    ..\..\User\main.c                        0x00000000   Number         0  main.o ABSOLUTE
    ..\..\User\segger\HardFaultHandlerMDK\HardFaultHandler.S 0x00000000   Number         0  hardfaulthandler.o ABSOLUTE
    ..\..\User\segger\HardFaultHandlerMDK\SEGGER_HardFaultHandler.c 0x00000000   Number         0  segger_hardfaulthandler.o ABSOLUTE
    ..\CommonTables\arm_common_tables.c      0x00000000   Number         0  arm_common_tables.o ABSOLUTE
    ..\CommonTables\arm_const_structs.c      0x00000000   Number         0  arm_const_structs.o ABSOLUTE
    ..\ComplexMathFunctions\arm_cmplx_mag_f32.c 0x00000000   Number         0  arm_cmplx_mag_f32.o ABSOLUTE
    ..\FastMathFunctions\arm_sin_f32.c       0x00000000   Number         0  arm_sin_f32.o ABSOLUTE
    ..\TransformFunctions\arm_cfft_f32.c     0x00000000   Number         0  arm_cfft_f32.o ABSOLUTE
    ..\TransformFunctions\arm_cfft_radix8_f32.c 0x00000000   Number         0  arm_cfft_radix8_f32.o ABSOLUTE
    ..\\..\\Libraries\\CMSIS\\Device\\ST\\STM32F4xx\\Source\\Templates\\system_stm32f4xx.c 0x00000000   Number         0  system_stm32f4xx.o ABSOLUTE
    ..\\..\\Libraries\\STM32F4xx_HAL_Driver\\Src\\stm32f4xx_hal.c 0x00000000   Number         0  stm32f4xx_hal.o ABSOLUTE
    ..\\..\\Libraries\\STM32F4xx_HAL_Driver\\Src\\stm32f4xx_hal_cortex.c 0x00000000   Number         0  stm32f4xx_hal_cortex.o ABSOLUTE
    ..\\..\\Libraries\\STM32F4xx_HAL_Driver\\Src\\stm32f4xx_hal_dma.c 0x00000000   Number         0  stm32f4xx_hal_dma.o ABSOLUTE
    ..\\..\\Libraries\\STM32F4xx_HAL_Driver\\Src\\stm32f4xx_hal_flash.c 0x00000000   Number         0  stm32f4xx_hal_flash.o ABSOLUTE
    ..\\..\\Libraries\\STM32F4xx_HAL_Driver\\Src\\stm32f4xx_hal_flash_ex.c 0x00000000   Number         0  stm32f4xx_hal_flash_ex.o ABSOLUTE
    ..\\..\\Libraries\\STM32F4xx_HAL_Driver\\Src\\stm32f4xx_hal_gpio.c 0x00000000   Number         0  stm32f4xx_hal_gpio.o ABSOLUTE
    ..\\..\\Libraries\\STM32F4xx_HAL_Driver\\Src\\stm32f4xx_hal_rcc.c 0x00000000   Number         0  stm32f4xx_hal_rcc.o ABSOLUTE
    ..\\..\\Libraries\\STM32F4xx_HAL_Driver\\Src\\stm32f4xx_hal_tim.c 0x00000000   Number         0  stm32f4xx_hal_tim.o ABSOLUTE
    ..\\..\\Libraries\\STM32F4xx_HAL_Driver\\Src\\stm32f4xx_hal_tim_ex.c 0x00000000   Number         0  stm32f4xx_hal_tim_ex.o ABSOLUTE
    ..\\..\\Libraries\\STM32F4xx_HAL_Driver\\Src\\stm32f4xx_hal_uart.c 0x00000000   Number         0  stm32f4xx_hal_uart.o ABSOLUTE
    ..\\..\\User\\arm_fft_bin_data.c         0x00000000   Number         0  arm_fft_bin_data.o ABSOLUTE
    ..\\..\\User\\bsp\\bsp.c                 0x00000000   Number         0  bsp.o ABSOLUTE
    ..\\..\\User\\bsp\\src\\bsp_beep.c       0x00000000   Number         0  bsp_beep.o ABSOLUTE
    ..\\..\\User\\bsp\\src\\bsp_key.c        0x00000000   Number         0  bsp_key.o ABSOLUTE
    ..\\..\\User\\bsp\\src\\bsp_led.c        0x00000000   Number         0  bsp_led.o ABSOLUTE
    ..\\..\\User\\bsp\\src\\bsp_tim_pwm.c    0x00000000   Number         0  bsp_tim_pwm.o ABSOLUTE
    ..\\..\\User\\bsp\\src\\bsp_timer.c      0x00000000   Number         0  bsp_timer.o ABSOLUTE
    ..\\..\\User\\bsp\\src\\bsp_uart_fifo.c  0x00000000   Number         0  bsp_uart_fifo.o ABSOLUTE
    ..\\..\\User\\bsp\\stm32f4xx_it.c        0x00000000   Number         0  stm32f4xx_it.o ABSOLUTE
    ..\\..\\User\\main.c                     0x00000000   Number         0  main.o ABSOLUTE
    ..\\..\\User\\segger\\HardFaultHandlerMDK\\SEGGER_HardFaultHandler.c 0x00000000   Number         0  segger_hardfaulthandler.o ABSOLUTE
    ..\\CommonTables\\arm_common_tables.c    0x00000000   Number         0  arm_common_tables.o ABSOLUTE
    ..\\CommonTables\\arm_const_structs.c    0x00000000   Number         0  arm_const_structs.o ABSOLUTE
    ..\\ComplexMathFunctions\\arm_cmplx_mag_f32.c 0x00000000   Number         0  arm_cmplx_mag_f32.o ABSOLUTE
    ..\\FastMathFunctions\\arm_sin_f32.c     0x00000000   Number         0  arm_sin_f32.o ABSOLUTE
    ..\\TransformFunctions\\arm_bitreversal2.S 0x00000000   Number         0  arm_bitreversal2.o ABSOLUTE
    ..\\TransformFunctions\\arm_cfft_f32.c   0x00000000   Number         0  arm_cfft_f32.o ABSOLUTE
    ..\\TransformFunctions\\arm_cfft_radix8_f32.c 0x00000000   Number         0  arm_cfft_radix8_f32.o ABSOLUTE
    cdrcmple.s                               0x00000000   Number         0  cdrcmple.o ABSOLUTE
    dc.s                                     0x00000000   Number         0  dc.o ABSOLUTE
    handlers.s                               0x00000000   Number         0  handlers.o ABSOLUTE
    init.s                                   0x00000000   Number         0  init.o ABSOLUTE
    RESET                                    0x08000000   Section      392  startup_stm32f407xx.o(RESET)
    . text                                   0x08000188   Section      192  arm_bitreversal2.o(. text)
    $v0                                      0x08000188   Number         0  arm_bitreversal2.o(. text)
    .ARM.Collect$$$$00000000                 0x08000248   Section        0  entry.o(.ARM.Collect$$$$00000000)
    .ARM.Collect$$$$00000001                 0x08000248   Section        4  entry2.o(.ARM.Collect$$$$00000001)
    .ARM.Collect$$$$00000004                 0x0800024c   Section        4  entry5.o(.ARM.Collect$$$$00000004)
    .ARM.Collect$$$$00000008                 0x08000250   Section        0  entry7b.o(.ARM.Collect$$$$00000008)
    .ARM.Collect$$$$0000000A                 0x08000250   Section        0  entry8b.o(.ARM.Collect$$$$0000000A)
    .ARM.Collect$$$$0000000B                 0x08000250   Section        8  entry9a.o(.ARM.Collect$$$$0000000B)
    .ARM.Collect$$$$0000000D                 0x08000258   Section        0  entry10a.o(.ARM.Collect$$$$0000000D)
    .ARM.Collect$$$$0000000F                 0x08000258   Section        0  entry11a.o(.ARM.Collect$$$$0000000F)
    .ARM.Collect$$$$00002712                 0x08000258   Section        4  entry2.o(.ARM.Collect$$$$00002712)
    __lit__00000000                          0x08000258   Data           4  entry2.o(.ARM.Collect$$$$00002712)
    .text                                    0x0800025c   Section       36  startup_stm32f407xx.o(.text)
    $v0                                      0x0800025c   Number         0  startup_stm32f407xx.o(.text)
    .text                                    0x08000280   Section        0  arm_sin_f32.o(.text)
    .text                                    0x080002f4   Section        0  arm_cmplx_mag_f32.o(.text)
    .text                                    0x080003f0   Section        0  arm_cfft_f32.o(.text)
    .text                                    0x08000b14   Section        0  arm_cfft_radix8_f32.o(.text)
    .text                                    0x08000ff0   Section        0  uldiv.o(.text)
    .text                                    0x08001052   Section        0  memcpya.o(.text)
    .text                                    0x08001076   Section        0  memseta.o(.text)
    .text                                    0x0800109a   Section        0  strlen.o(.text)
    .text                                    0x080010a8   Section        0  f2d.o(.text)
    .text                                    0x080010ce   Section        0  uidiv.o(.text)
    .text                                    0x080010fa   Section        0  llshl.o(.text)
    .text                                    0x08001118   Section        0  llushr.o(.text)
    .text                                    0x08001138   Section        0  iusefp.o(.text)
    .text                                    0x08001138   Section        0  dadd.o(.text)
    .text                                    0x08001286   Section        0  dmul.o(.text)
    .text                                    0x0800136a   Section        0  ddiv.o(.text)
    .text                                    0x08001448   Section        0  dfixul.o(.text)
    .text                                    0x08001478   Section       48  cdrcmple.o(.text)
    .text                                    0x080014a8   Section       36  init.o(.text)
    .text                                    0x080014cc   Section        0  llsshr.o(.text)
    .text                                    0x080014f0   Section        0  depilogue.o(.text)
    OSKERNEL                                 0x080015ac   Section       18  hardfaulthandler.o(OSKERNEL)
    $v0                                      0x080015ac   Number         0  hardfaulthandler.o(OSKERNEL)
    i.BEEP_InitHard                          0x080015c0   Section        0  bsp_beep.o(i.BEEP_InitHard)
    i.BusFault_Handler                       0x080015cc   Section        0  stm32f4xx_it.o(i.BusFault_Handler)
    i.ComToUart                              0x080015d0   Section        0  bsp_uart_fifo.o(i.ComToUart)
    i.DebugMon_Handler                       0x08001638   Section        0  stm32f4xx_it.o(i.DebugMon_Handler)
    i.Error_Handler                          0x0800163a   Section        0  bsp.o(i.Error_Handler)
    i.HAL_EnableCompensationCell             0x08001644   Section        0  stm32f4xx_hal.o(i.HAL_EnableCompensationCell)
    i.HAL_GPIO_Init                          0x08001650   Section        0  stm32f4xx_hal_gpio.o(i.HAL_GPIO_Init)
    i.HAL_GetTick                            0x08001850   Section        0  stm32f4xx_hal.o(i.HAL_GetTick)
    i.HAL_IncTick                            0x0800185c   Section        0  stm32f4xx_hal.o(i.HAL_IncTick)
    i.HAL_Init                               0x08001874   Section        0  stm32f4xx_hal.o(i.HAL_Init)
    i.HAL_InitTick                           0x080018b0   Section        0  stm32f4xx_hal.o(i.HAL_InitTick)
    i.HAL_MspInit                            0x080018fc   Section        0  stm32f4xx_hal.o(i.HAL_MspInit)
    i.HAL_NVIC_EnableIRQ                     0x080018fe   Section        0  stm32f4xx_hal_cortex.o(i.HAL_NVIC_EnableIRQ)
    i.HAL_NVIC_SetPriority                   0x0800191e   Section        0  stm32f4xx_hal_cortex.o(i.HAL_NVIC_SetPriority)
    i.HAL_NVIC_SetPriorityGrouping           0x0800199c   Section        0  stm32f4xx_hal_cortex.o(i.HAL_NVIC_SetPriorityGrouping)
    i.HAL_RCC_ClockConfig                    0x080019c4   Section        0  stm32f4xx_hal_rcc.o(i.HAL_RCC_ClockConfig)
    i.HAL_RCC_GetHCLKFreq                    0x08001b44   Section        0  stm32f4xx_hal_rcc.o(i.HAL_RCC_GetHCLKFreq)
    i.HAL_RCC_GetPCLK1Freq                   0x08001b50   Section        0  stm32f4xx_hal_rcc.o(i.HAL_RCC_GetPCLK1Freq)
    i.HAL_RCC_GetPCLK2Freq                   0x08001b70   Section        0  stm32f4xx_hal_rcc.o(i.HAL_RCC_GetPCLK2Freq)
    i.HAL_RCC_GetSysClockFreq                0x08001b90   Section        0  stm32f4xx_hal_rcc.o(i.HAL_RCC_GetSysClockFreq)
    i.HAL_RCC_OscConfig                      0x08001c40   Section        0  stm32f4xx_hal_rcc.o(i.HAL_RCC_OscConfig)
    i.HAL_SYSTICK_Config                     0x08002088   Section        0  stm32f4xx_hal_cortex.o(i.HAL_SYSTICK_Config)
    i.HAL_TIM_Base_Init                      0x080020bc   Section        0  stm32f4xx_hal_tim.o(i.HAL_TIM_Base_Init)
    i.HAL_TIM_Base_MspInit                   0x080020f0   Section        0  stm32f4xx_hal_tim.o(i.HAL_TIM_Base_MspInit)
    i.HAL_TIM_Base_Start                     0x080020f2   Section        0  stm32f4xx_hal_tim.o(i.HAL_TIM_Base_Start)
    i.HAL_UART_Init                          0x0800211c   Section        0  stm32f4xx_hal_uart.o(i.HAL_UART_Init)
    i.HAL_UART_MspInit                       0x0800218e   Section        0  stm32f4xx_hal_uart.o(i.HAL_UART_MspInit)
    i.HardFaultHandler                       0x08002190   Section        0  segger_hardfaulthandler.o(i.HardFaultHandler)
    i.InitHardUart                           0x08002298   Section        0  bsp_uart_fifo.o(i.InitHardUart)
    InitHardUart                             0x08002299   Thumb Code   214  bsp_uart_fifo.o(i.InitHardUart)
    i.MemManage_Handler                      0x0800237c   Section        0  stm32f4xx_it.o(i.MemManage_Handler)
    i.NMI_Handler                            0x08002380   Section        0  stm32f4xx_it.o(i.NMI_Handler)
    i.PendSV_Handler                         0x08002382   Section        0  stm32f4xx_it.o(i.PendSV_Handler)
    i.RS485_InitTXE                          0x08002384   Section        0  bsp_uart_fifo.o(i.RS485_InitTXE)
    i.SVC_Handler                            0x080023cc   Section        0  stm32f4xx_it.o(i.SVC_Handler)
    i.SysTick_Handler                        0x080023d0   Section        0  bsp_timer.o(i.SysTick_Handler)
    i.SysTick_ISR                            0x080023ec   Section        0  bsp_timer.o(i.SysTick_ISR)
    i.SystemClock_Config                     0x0800246c   Section        0  bsp.o(i.SystemClock_Config)
    SystemClock_Config                       0x0800246d   Thumb Code   204  bsp.o(i.SystemClock_Config)
    i.SystemInit                             0x08002558   Section        0  system_stm32f4xx.o(i.SystemInit)
    i.TIM2_IRQHandler                        0x080025bc   Section        0  bsp_timer.o(i.TIM2_IRQHandler)
    i.TIM_Base_SetConfig                     0x08002670   Section        0  stm32f4xx_hal_tim.o(i.TIM_Base_SetConfig)
    i.UART_SetConfig                         0x08002748   Section        0  stm32f4xx_hal_uart.o(i.UART_SetConfig)
    UART_SetConfig                           0x08002749   Thumb Code   864  stm32f4xx_hal_uart.o(i.UART_SetConfig)
    i.USART1_IRQHandler                      0x08002ab0   Section        0  bsp_uart_fifo.o(i.USART1_IRQHandler)
    i.UartGetChar                            0x08002ac0   Section        0  bsp_uart_fifo.o(i.UartGetChar)
    UartGetChar                              0x08002ac1   Thumb Code    74  bsp_uart_fifo.o(i.UartGetChar)
    i.UartIRQ                                0x08002b0a   Section        0  bsp_uart_fifo.o(i.UartIRQ)
    UartIRQ                                  0x08002b0b   Thumb Code   246  bsp_uart_fifo.o(i.UartIRQ)
    i.UartSend                               0x08002c00   Section        0  bsp_uart_fifo.o(i.UartSend)
    UartSend                                 0x08002c01   Thumb Code   146  bsp_uart_fifo.o(i.UartSend)
    i.UartVarInit                            0x08002c94   Section        0  bsp_uart_fifo.o(i.UartVarInit)
    UartVarInit                              0x08002c95   Thumb Code    48  bsp_uart_fifo.o(i.UartVarInit)
    i.UsageFault_Handler                     0x08002cd4   Section        0  stm32f4xx_it.o(i.UsageFault_Handler)
    i.__0printf                              0x08002cd8   Section        0  printfa.o(i.__0printf)
    i.__NVIC_GetPriorityGrouping             0x08002cf8   Section        0  stm32f4xx_hal_cortex.o(i.__NVIC_GetPriorityGrouping)
    __NVIC_GetPriorityGrouping               0x08002cf9   Thumb Code    10  stm32f4xx_hal_cortex.o(i.__NVIC_GetPriorityGrouping)
    i.__NVIC_SetPriority                     0x08002d08   Section        0  stm32f4xx_hal_cortex.o(i.__NVIC_SetPriority)
    __NVIC_SetPriority                       0x08002d09   Thumb Code    32  stm32f4xx_hal_cortex.o(i.__NVIC_SetPriority)
    i.__scatterload_copy                     0x08002d30   Section       14  handlers.o(i.__scatterload_copy)
    i.__scatterload_null                     0x08002d3e   Section        2  handlers.o(i.__scatterload_null)
    i.__scatterload_zeroinit                 0x08002d40   Section       14  handlers.o(i.__scatterload_zeroinit)
    i.__set_PRIMASK                          0x08002d4e   Section        0  bsp_timer.o(i.__set_PRIMASK)
    __set_PRIMASK                            0x08002d4f   Thumb Code     6  bsp_timer.o(i.__set_PRIMASK)
    i.__set_PRIMASK                          0x08002d54   Section        0  bsp_uart_fifo.o(i.__set_PRIMASK)
    __set_PRIMASK                            0x08002d55   Thumb Code     6  bsp_uart_fifo.o(i.__set_PRIMASK)
    i._fp_digits                             0x08002d5c   Section        0  printfa.o(i._fp_digits)
    _fp_digits                               0x08002d5d   Thumb Code   366  printfa.o(i._fp_digits)
    i._printf_core                           0x08002ee0   Section        0  printfa.o(i._printf_core)
    _printf_core                             0x08002ee1   Thumb Code  1744  printfa.o(i._printf_core)
    i._printf_post_padding                   0x080035bc   Section        0  printfa.o(i._printf_post_padding)
    _printf_post_padding                     0x080035bd   Thumb Code    36  printfa.o(i._printf_post_padding)
    i._printf_pre_padding                    0x080035e0   Section        0  printfa.o(i._printf_pre_padding)
    _printf_pre_padding                      0x080035e1   Thumb Code    46  printfa.o(i._printf_pre_padding)
    i.arm_cfft_f32_app                       0x08003610   Section        0  main.o(i.arm_cfft_f32_app)
    arm_cfft_f32_app                         0x08003611   Thumb Code   188  main.o(i.arm_cfft_f32_app)
    i.bsp_Idle                               0x080036f8   Section        0  bsp.o(i.bsp_Idle)
    i.bsp_Init                               0x080036fa   Section        0  bsp.o(i.bsp_Init)
    i.bsp_InitHardTimer                      0x08003714   Section        0  bsp_timer.o(i.bsp_InitHardTimer)
    i.bsp_InitTimer                          0x080037d8   Section        0  bsp_timer.o(i.bsp_InitTimer)
    i.bsp_InitUart                           0x08003880   Section        0  bsp_uart_fifo.o(i.bsp_InitUart)
    i.bsp_RunPer1ms                          0x08003890   Section        0  bsp.o(i.bsp_RunPer1ms)
    i.bsp_SetUartParam                       0x08003894   Section        0  bsp_uart_fifo.o(i.bsp_SetUartParam)
    i.bsp_SoftTimerDec                       0x080038ec   Section        0  bsp_timer.o(i.bsp_SoftTimerDec)
    bsp_SoftTimerDec                         0x080038ed   Thumb Code    28  bsp_timer.o(i.bsp_SoftTimerDec)
    i.bsp_StartAutoTimer                     0x08003908   Section        0  bsp_timer.o(i.bsp_StartAutoTimer)
    i.comGetChar                             0x080039a4   Section        0  bsp_uart_fifo.o(i.comGetChar)
    i.comSendBuf                             0x080039c2   Section        0  bsp_uart_fifo.o(i.comSendBuf)
    i.comSendChar                            0x080039f0   Section        0  bsp_uart_fifo.o(i.comSendChar)
    i.fputc                                  0x08003a00   Section        0  bsp_uart_fifo.o(i.fputc)
    i.main                                   0x08003a14   Section        0  main.o(i.main)
    .constdata                               0x08003a78   Section       48  bsp_timer.o(.constdata)
    __FUNCTION__                             0x08003a78   Data          15  bsp_timer.o(.constdata)
    __FUNCTION__                             0x08003a87   Data          19  bsp_timer.o(.constdata)
    __FUNCTION__                             0x08003a9a   Data          14  bsp_timer.o(.constdata)
    .constdata                               0x08003aa8   Section       24  system_stm32f4xx.o(.constdata)
    .constdata                               0x08003ac0   Section       16  arm_const_structs.o(.constdata)
    .constdata                               0x08003ad0   Section     8192  arm_common_tables.o(.constdata)
    .constdata                               0x08005ad0   Section     3600  arm_common_tables.o(.constdata)
    .constdata                               0x080068e0   Section     2052  arm_common_tables.o(.constdata)
    .data                                    0x20000000   Section       52  main.o(.data)
    flag                                     0x2000000c   Data           1  main.o(.data)
    .data                                    0x20000034   Section       30  bsp_timer.o(.data)
    s_TIM_CallBack1                          0x20000034   Data           4  bsp_timer.o(.data)
    s_TIM_CallBack2                          0x20000038   Data           4  bsp_timer.o(.data)
    s_TIM_CallBack3                          0x2000003c   Data           4  bsp_timer.o(.data)
    s_TIM_CallBack4                          0x20000040   Data           4  bsp_timer.o(.data)
    s_uiDelayCount                           0x20000044   Data           4  bsp_timer.o(.data)
    s_ucTimeOutFlag                          0x20000048   Data           1  bsp_timer.o(.data)
    g_ucEnableSystickISR                     0x20000050   Data           1  bsp_timer.o(.data)
    s_count                                  0x20000051   Data           1  bsp_timer.o(.data)
    .data                                    0x20000054   Section        9  stm32f4xx_hal.o(.data)
    .data                                    0x20000060   Section        4  system_stm32f4xx.o(.data)
    .data                                    0x20000064   Section        4  segger_hardfaulthandler.o(.data)
    _Continue                                0x20000064   Data           4  segger_hardfaulthandler.o(.data)
    .data                                    0x20000068   Section        4  stdout.o(.data)
    .bss                                     0x2000006c   Section    45148  main.o(.bss)
    testInput_f32_10khz                      0x2000006c   Data        8192  main.o(.bss)
    testOutput_f32_10khz                     0x2000206c   Data        8192  main.o(.bss)
    testOutput                               0x2000406c   Data        8192  main.o(.bss)
    S                                        0x2000b06c   Data          24  main.o(.bss)
    .bss                                     0x2000b0c8   Section       14  bsp_beep.o(.bss)
    .bss                                     0x2000b0d8   Section       48  bsp_timer.o(.bss)
    s_tTmr                                   0x2000b0d8   Data          48  bsp_timer.o(.bss)
    .bss                                     0x2000b108   Section     2092  bsp_uart_fifo.o(.bss)
    g_tUart1                                 0x2000b108   Data          44  bsp_uart_fifo.o(.bss)
    g_TxBuf1                                 0x2000b134   Data        1024  bsp_uart_fifo.o(.bss)
    g_RxBuf1                                 0x2000b534   Data        1024  bsp_uart_fifo.o(.bss)
    .bss                                     0x2000b934   Section       64  segger_hardfaulthandler.o(.bss)
    HardFaultRegs                            0x2000b934   Data          64  segger_hardfaulthandler.o(.bss)
    STACK                                    0x2000b978   Section     1024  startup_stm32f407xx.o(STACK)

    Global Symbols

    Symbol Name                              Value     Ov Type        Size  Object(Section)

    BuildAttributes$$THM_ISAv4$E$P$D$K$B$S$7EM$VFPi3$EXTD16$VFPS$VFMA$PE$A:L22UL41UL21$X:L11$S22US41US21$IEEE1$IW$USESV6$~STKCKD$USESV7$~SHL$OTIME$ROPI$IEEEX$EBA8$MICROLIB$REQ8$PRES8$EABIv2 0x00000000   Number         0  anon$$obj.o ABSOLUTE
    __ARM_use_no_argv                        0x00000000   Number         0  main.o ABSOLUTE
    _printf_a                                0x00000000   Number         0  stubs.o ABSOLUTE
    _printf_c                                0x00000000   Number         0  stubs.o ABSOLUTE
    _printf_charcount                        0x00000000   Number         0  stubs.o ABSOLUTE
    _printf_d                                0x00000000   Number         0  stubs.o ABSOLUTE
    _printf_e                                0x00000000   Number         0  stubs.o ABSOLUTE
    _printf_f                                0x00000000   Number         0  stubs.o ABSOLUTE
    _printf_flags                            0x00000000   Number         0  stubs.o ABSOLUTE
    _printf_fp_dec                           0x00000000   Number         0  stubs.o ABSOLUTE
    _printf_fp_hex                           0x00000000   Number         0  stubs.o ABSOLUTE
    _printf_g                                0x00000000   Number         0  stubs.o ABSOLUTE
    _printf_i                                0x00000000   Number         0  stubs.o ABSOLUTE
    _printf_int_dec                          0x00000000   Number         0  stubs.o ABSOLUTE
    _printf_l                                0x00000000   Number         0  stubs.o ABSOLUTE
    _printf_lc                               0x00000000   Number         0  stubs.o ABSOLUTE
    _printf_ll                               0x00000000   Number         0  stubs.o ABSOLUTE
    _printf_lld                              0x00000000   Number         0  stubs.o ABSOLUTE
    _printf_lli                              0x00000000   Number         0  stubs.o ABSOLUTE
    _printf_llo                              0x00000000   Number         0  stubs.o ABSOLUTE
    _printf_llu                              0x00000000   Number         0  stubs.o ABSOLUTE
    _printf_llx                              0x00000000   Number         0  stubs.o ABSOLUTE
    _printf_longlong_dec                     0x00000000   Number         0  stubs.o ABSOLUTE
    _printf_longlong_hex                     0x00000000   Number         0  stubs.o ABSOLUTE
    _printf_longlong_oct                     0x00000000   Number         0  stubs.o ABSOLUTE
    _printf_ls                               0x00000000   Number         0  stubs.o ABSOLUTE
    _printf_mbtowc                           0x00000000   Number         0  stubs.o ABSOLUTE
    _printf_n                                0x00000000   Number         0  stubs.o ABSOLUTE
    _printf_o                                0x00000000   Number         0  stubs.o ABSOLUTE
    _printf_p                                0x00000000   Number         0  stubs.o ABSOLUTE
    _printf_percent                          0x00000000   Number         0  stubs.o ABSOLUTE
    _printf_pre_padding                      0x00000000   Number         0  stubs.o ABSOLUTE
    _printf_return_value                     0x00000000   Number         0  stubs.o ABSOLUTE
    _printf_s                                0x00000000   Number         0  stubs.o ABSOLUTE
    _printf_sizespec                         0x00000000   Number         0  stubs.o ABSOLUTE
    _printf_str                              0x00000000   Number         0  stubs.o ABSOLUTE
    _printf_truncate_signed                  0x00000000   Number         0  stubs.o ABSOLUTE
    _printf_truncate_unsigned                0x00000000   Number         0  stubs.o ABSOLUTE
    _printf_u                                0x00000000   Number         0  stubs.o ABSOLUTE
    _printf_wc                               0x00000000   Number         0  stubs.o ABSOLUTE
    _printf_wctomb                           0x00000000   Number         0  stubs.o ABSOLUTE
    _printf_widthprec                        0x00000000   Number         0  stubs.o ABSOLUTE
    _printf_x                                0x00000000   Number         0  stubs.o ABSOLUTE
    __cpp_initialize__aeabi_                  - Undefined Weak Reference
    __cxa_finalize                            - Undefined Weak Reference
    __decompress                              - Undefined Weak Reference
    _clock_init                               - Undefined Weak Reference
    _microlib_exit                            - Undefined Weak Reference
    __Vectors_Size                           0x00000188   Number         0  startup_stm32f407xx.o ABSOLUTE
    __Vectors                                0x08000000   Data           4  startup_stm32f407xx.o(RESET)
    __Vectors_End                            0x08000188   Data           0  startup_stm32f407xx.o(RESET)
    arm_bitreversal_32                       0x08000189   Thumb Code   106  arm_bitreversal2.o(. text)
    arm_bitreversal_16                       0x080001f3   Thumb Code    86  arm_bitreversal2.o(. text)
    __main                                   0x08000249   Thumb Code     0  entry.o(.ARM.Collect$$$$00000000)
    _main_stk                                0x08000249   Thumb Code     0  entry2.o(.ARM.Collect$$$$00000001)
    _main_scatterload                        0x0800024d   Thumb Code     0  entry5.o(.ARM.Collect$$$$00000004)
    __main_after_scatterload                 0x08000251   Thumb Code     0  entry5.o(.ARM.Collect$$$$00000004)
    _main_clock                              0x08000251   Thumb Code     0  entry7b.o(.ARM.Collect$$$$00000008)
    _main_cpp_init                           0x08000251   Thumb Code     0  entry8b.o(.ARM.Collect$$$$0000000A)
    _main_init                               0x08000251   Thumb Code     0  entry9a.o(.ARM.Collect$$$$0000000B)
    __rt_final_cpp                           0x08000259   Thumb Code     0  entry10a.o(.ARM.Collect$$$$0000000D)
    __rt_final_exit                          0x08000259   Thumb Code     0  entry11a.o(.ARM.Collect$$$$0000000F)
    Reset_Handler                            0x0800025d   Thumb Code     8  startup_stm32f407xx.o(.text)
    ADC_IRQHandler                           0x08000277   Thumb Code     0  startup_stm32f407xx.o(.text)
    CAN1_RX0_IRQHandler                      0x08000277   Thumb Code     0  startup_stm32f407xx.o(.text)
    CAN1_RX1_IRQHandler                      0x08000277   Thumb Code     0  startup_stm32f407xx.o(.text)
    CAN1_SCE_IRQHandler                      0x08000277   Thumb Code     0  startup_stm32f407xx.o(.text)
    CAN1_TX_IRQHandler                       0x08000277   Thumb Code     0  startup_stm32f407xx.o(.text)
    CAN2_RX0_IRQHandler                      0x08000277   Thumb Code     0  startup_stm32f407xx.o(.text)
    CAN2_RX1_IRQHandler                      0x08000277   Thumb Code     0  startup_stm32f407xx.o(.text)
    CAN2_SCE_IRQHandler                      0x08000277   Thumb Code     0  startup_stm32f407xx.o(.text)
    CAN2_TX_IRQHandler                       0x08000277   Thumb Code     0  startup_stm32f407xx.o(.text)
    DCMI_IRQHandler                          0x08000277   Thumb Code     0  startup_stm32f407xx.o(.text)
    DMA1_Stream0_IRQHandler                  0x08000277   Thumb Code     0  startup_stm32f407xx.o(.text)
    DMA1_Stream1_IRQHandler                  0x08000277   Thumb Code     0  startup_stm32f407xx.o(.text)
    DMA1_Stream2_IRQHandler                  0x08000277   Thumb Code     0  startup_stm32f407xx.o(.text)
    DMA1_Stream3_IRQHandler                  0x08000277   Thumb Code     0  startup_stm32f407xx.o(.text)
    DMA1_Stream4_IRQHandler                  0x08000277   Thumb Code     0  startup_stm32f407xx.o(.text)
    DMA1_Stream5_IRQHandler                  0x08000277   Thumb Code     0  startup_stm32f407xx.o(.text)
    DMA1_Stream6_IRQHandler                  0x08000277   Thumb Code     0  startup_stm32f407xx.o(.text)
    DMA1_Stream7_IRQHandler                  0x08000277   Thumb Code     0  startup_stm32f407xx.o(.text)
    DMA2_Stream0_IRQHandler                  0x08000277   Thumb Code     0  startup_stm32f407xx.o(.text)
    DMA2_Stream1_IRQHandler                  0x08000277   Thumb Code     0  startup_stm32f407xx.o(.text)
    DMA2_Stream2_IRQHandler                  0x08000277   Thumb Code     0  startup_stm32f407xx.o(.text)
    DMA2_Stream3_IRQHandler                  0x08000277   Thumb Code     0  startup_stm32f407xx.o(.text)
    DMA2_Stream4_IRQHandler                  0x08000277   Thumb Code     0  startup_stm32f407xx.o(.text)
    DMA2_Stream5_IRQHandler                  0x08000277   Thumb Code     0  startup_stm32f407xx.o(.text)
    DMA2_Stream6_IRQHandler                  0x08000277   Thumb Code     0  startup_stm32f407xx.o(.text)
    DMA2_Stream7_IRQHandler                  0x08000277   Thumb Code     0  startup_stm32f407xx.o(.text)
    ETH_IRQHandler                           0x08000277   Thumb Code     0  startup_stm32f407xx.o(.text)
    ETH_WKUP_IRQHandler                      0x08000277   Thumb Code     0  startup_stm32f407xx.o(.text)
    EXTI0_IRQHandler                         0x08000277   Thumb Code     0  startup_stm32f407xx.o(.text)
    EXTI15_10_IRQHandler                     0x08000277   Thumb Code     0  startup_stm32f407xx.o(.text)
    EXTI1_IRQHandler                         0x08000277   Thumb Code     0  startup_stm32f407xx.o(.text)
    EXTI2_IRQHandler                         0x08000277   Thumb Code     0  startup_stm32f407xx.o(.text)
    EXTI3_IRQHandler                         0x08000277   Thumb Code     0  startup_stm32f407xx.o(.text)
    EXTI4_IRQHandler                         0x08000277   Thumb Code     0  startup_stm32f407xx.o(.text)
    EXTI9_5_IRQHandler                       0x08000277   Thumb Code     0  startup_stm32f407xx.o(.text)
    FLASH_IRQHandler                         0x08000277   Thumb Code     0  startup_stm32f407xx.o(.text)
    FMC_IRQHandler                           0x08000277   Thumb Code     0  startup_stm32f407xx.o(.text)
    FPU_IRQHandler                           0x08000277   Thumb Code     0  startup_stm32f407xx.o(.text)
    HASH_RNG_IRQHandler                      0x08000277   Thumb Code     0  startup_stm32f407xx.o(.text)
    I2C1_ER_IRQHandler                       0x08000277   Thumb Code     0  startup_stm32f407xx.o(.text)
    I2C1_EV_IRQHandler                       0x08000277   Thumb Code     0  startup_stm32f407xx.o(.text)
    I2C2_ER_IRQHandler                       0x08000277   Thumb Code     0  startup_stm32f407xx.o(.text)
    I2C2_EV_IRQHandler                       0x08000277   Thumb Code     0  startup_stm32f407xx.o(.text)
    I2C3_ER_IRQHandler                       0x08000277   Thumb Code     0  startup_stm32f407xx.o(.text)
    I2C3_EV_IRQHandler                       0x08000277   Thumb Code     0  startup_stm32f407xx.o(.text)
    OTG_FS_IRQHandler                        0x08000277   Thumb Code     0  startup_stm32f407xx.o(.text)
    OTG_FS_WKUP_IRQHandler                   0x08000277   Thumb Code     0  startup_stm32f407xx.o(.text)
    OTG_HS_EP1_IN_IRQHandler                 0x08000277   Thumb Code     0  startup_stm32f407xx.o(.text)
    OTG_HS_EP1_OUT_IRQHandler                0x08000277   Thumb Code     0  startup_stm32f407xx.o(.text)
    OTG_HS_IRQHandler                        0x08000277   Thumb Code     0  startup_stm32f407xx.o(.text)
    OTG_HS_WKUP_IRQHandler                   0x08000277   Thumb Code     0  startup_stm32f407xx.o(.text)
    PVD_IRQHandler                           0x08000277   Thumb Code     0  startup_stm32f407xx.o(.text)
    RCC_IRQHandler                           0x08000277   Thumb Code     0  startup_stm32f407xx.o(.text)
    RTC_Alarm_IRQHandler                     0x08000277   Thumb Code     0  startup_stm32f407xx.o(.text)
    RTC_WKUP_IRQHandler                      0x08000277   Thumb Code     0  startup_stm32f407xx.o(.text)
    SDIO_IRQHandler                          0x08000277   Thumb Code     0  startup_stm32f407xx.o(.text)
    SPI1_IRQHandler                          0x08000277   Thumb Code     0  startup_stm32f407xx.o(.text)
    SPI2_IRQHandler                          0x08000277   Thumb Code     0  startup_stm32f407xx.o(.text)
    SPI3_IRQHandler                          0x08000277   Thumb Code     0  startup_stm32f407xx.o(.text)
    TAMP_STAMP_IRQHandler                    0x08000277   Thumb Code     0  startup_stm32f407xx.o(.text)
    TIM1_BRK_TIM9_IRQHandler                 0x08000277   Thumb Code     0  startup_stm32f407xx.o(.text)
    TIM1_CC_IRQHandler                       0x08000277   Thumb Code     0  startup_stm32f407xx.o(.text)
    TIM1_TRG_COM_TIM11_IRQHandler            0x08000277   Thumb Code     0  startup_stm32f407xx.o(.text)
    TIM1_UP_TIM10_IRQHandler                 0x08000277   Thumb Code     0  startup_stm32f407xx.o(.text)
    TIM3_IRQHandler                          0x08000277   Thumb Code     0  startup_stm32f407xx.o(.text)
    TIM4_IRQHandler                          0x08000277   Thumb Code     0  startup_stm32f407xx.o(.text)
    TIM5_IRQHandler                          0x08000277   Thumb Code     0  startup_stm32f407xx.o(.text)
    TIM6_DAC_IRQHandler                      0x08000277   Thumb Code     0  startup_stm32f407xx.o(.text)
    TIM7_IRQHandler                          0x08000277   Thumb Code     0  startup_stm32f407xx.o(.text)
    TIM8_BRK_TIM12_IRQHandler                0x08000277   Thumb Code     0  startup_stm32f407xx.o(.text)
    TIM8_CC_IRQHandler                       0x08000277   Thumb Code     0  startup_stm32f407xx.o(.text)
    TIM8_TRG_COM_TIM14_IRQHandler            0x08000277   Thumb Code     0  startup_stm32f407xx.o(.text)
    TIM8_UP_TIM13_IRQHandler                 0x08000277   Thumb Code     0  startup_stm32f407xx.o(.text)
    UART4_IRQHandler                         0x08000277   Thumb Code     0  startup_stm32f407xx.o(.text)
    UART5_IRQHandler                         0x08000277   Thumb Code     0  startup_stm32f407xx.o(.text)
    USART2_IRQHandler                        0x08000277   Thumb Code     0  startup_stm32f407xx.o(.text)
    USART3_IRQHandler                        0x08000277   Thumb Code     0  startup_stm32f407xx.o(.text)
    USART6_IRQHandler                        0x08000277   Thumb Code     0  startup_stm32f407xx.o(.text)
    WWDG_IRQHandler                          0x08000277   Thumb Code     0  startup_stm32f407xx.o(.text)
    arm_sin_f32                              0x08000281   Thumb Code   104  arm_sin_f32.o(.text)
    arm_cmplx_mag_f32                        0x080002f5   Thumb Code   246  arm_cmplx_mag_f32.o(.text)
    arm_cfft_radix8by2_f32                   0x080003f1   Thumb Code   398  arm_cfft_f32.o(.text)
    arm_cfft_radix8by4_f32                   0x0800057f   Thumb Code  1098  arm_cfft_f32.o(.text)
    arm_cfft_f32                             0x080009c9   Thumb Code   330  arm_cfft_f32.o(.text)
    arm_radix8_butterfly_f32                 0x08000b15   Thumb Code  1244  arm_cfft_radix8_f32.o(.text)
    __aeabi_uldivmod                         0x08000ff1   Thumb Code    98  uldiv.o(.text)
    __aeabi_memcpy                           0x08001053   Thumb Code    36  memcpya.o(.text)
    __aeabi_memcpy4                          0x08001053   Thumb Code     0  memcpya.o(.text)
    __aeabi_memcpy8                          0x08001053   Thumb Code     0  memcpya.o(.text)
    __aeabi_memset                           0x08001077   Thumb Code    14  memseta.o(.text)
    __aeabi_memset4                          0x08001077   Thumb Code     0  memseta.o(.text)
    __aeabi_memset8                          0x08001077   Thumb Code     0  memseta.o(.text)
    __aeabi_memclr                           0x08001085   Thumb Code     4  memseta.o(.text)
    __aeabi_memclr4                          0x08001085   Thumb Code     0  memseta.o(.text)
    __aeabi_memclr8                          0x08001085   Thumb Code     0  memseta.o(.text)
    _memset$wrapper                          0x08001089   Thumb Code    18  memseta.o(.text)
    strlen                                   0x0800109b   Thumb Code    14  strlen.o(.text)
    __aeabi_f2d                              0x080010a9   Thumb Code    38  f2d.o(.text)
    __aeabi_uidiv                            0x080010cf   Thumb Code     0  uidiv.o(.text)
    __aeabi_uidivmod                         0x080010cf   Thumb Code    44  uidiv.o(.text)
    __aeabi_llsl                             0x080010fb   Thumb Code    30  llshl.o(.text)
    _ll_shift_l                              0x080010fb   Thumb Code     0  llshl.o(.text)
    __aeabi_llsr                             0x08001119   Thumb Code    32  llushr.o(.text)
    _ll_ushift_r                             0x08001119   Thumb Code     0  llushr.o(.text)
    __I$use$fp                               0x08001139   Thumb Code     0  iusefp.o(.text)
    __aeabi_dadd                             0x08001139   Thumb Code   322  dadd.o(.text)
    __aeabi_dsub                             0x0800127b   Thumb Code     6  dadd.o(.text)
    __aeabi_drsub                            0x08001281   Thumb Code     6  dadd.o(.text)
    __aeabi_dmul                             0x08001287   Thumb Code   228  dmul.o(.text)
    __aeabi_ddiv                             0x0800136b   Thumb Code   222  ddiv.o(.text)
    __aeabi_d2ulz                            0x08001449   Thumb Code    48  dfixul.o(.text)
    __aeabi_cdrcmple                         0x08001479   Thumb Code    48  cdrcmple.o(.text)
    __scatterload                            0x080014a9   Thumb Code    28  init.o(.text)
    __scatterload_rt2                        0x080014a9   Thumb Code     0  init.o(.text)
    __aeabi_lasr                             0x080014cd   Thumb Code    36  llsshr.o(.text)
    _ll_sshift_r                             0x080014cd   Thumb Code     0  llsshr.o(.text)
    _double_round                            0x080014f1   Thumb Code    30  depilogue.o(.text)
    _double_epilogue                         0x0800150f   Thumb Code   156  depilogue.o(.text)
    HardFault_Handler                        0x080015ad   Thumb Code     0  hardfaulthandler.o(OSKERNEL)
    BEEP_InitHard                            0x080015c1   Thumb Code     8  bsp_beep.o(i.BEEP_InitHard)
    BusFault_Handler                         0x080015cd   Thumb Code     4  stm32f4xx_it.o(i.BusFault_Handler)
    ComToUart                                0x080015d1   Thumb Code    62  bsp_uart_fifo.o(i.ComToUart)
    DebugMon_Handler                         0x08001639   Thumb Code     2  stm32f4xx_it.o(i.DebugMon_Handler)
    Error_Handler                            0x0800163b   Thumb Code     8  bsp.o(i.Error_Handler)
    HAL_EnableCompensationCell               0x08001645   Thumb Code     8  stm32f4xx_hal.o(i.HAL_EnableCompensationCell)
    HAL_GPIO_Init                            0x08001651   Thumb Code   466  stm32f4xx_hal_gpio.o(i.HAL_GPIO_Init)
    HAL_GetTick                              0x08001851   Thumb Code     6  stm32f4xx_hal.o(i.HAL_GetTick)
    HAL_IncTick                              0x0800185d   Thumb Code    16  stm32f4xx_hal.o(i.HAL_IncTick)
    HAL_Init                                 0x08001875   Thumb Code    54  stm32f4xx_hal.o(i.HAL_Init)
    HAL_InitTick                             0x080018b1   Thumb Code    64  stm32f4xx_hal.o(i.HAL_InitTick)
    HAL_MspInit                              0x080018fd   Thumb Code     2  stm32f4xx_hal.o(i.HAL_MspInit)
    HAL_NVIC_EnableIRQ                       0x080018ff   Thumb Code    32  stm32f4xx_hal_cortex.o(i.HAL_NVIC_EnableIRQ)
    HAL_NVIC_SetPriority                     0x0800191f   Thumb Code   124  stm32f4xx_hal_cortex.o(i.HAL_NVIC_SetPriority)
    HAL_NVIC_SetPriorityGrouping             0x0800199d   Thumb Code    32  stm32f4xx_hal_cortex.o(i.HAL_NVIC_SetPriorityGrouping)
    HAL_RCC_ClockConfig                      0x080019c5   Thumb Code   366  stm32f4xx_hal_rcc.o(i.HAL_RCC_ClockConfig)
    HAL_RCC_GetHCLKFreq                      0x08001b45   Thumb Code     6  stm32f4xx_hal_rcc.o(i.HAL_RCC_GetHCLKFreq)
    HAL_RCC_GetPCLK1Freq                     0x08001b51   Thumb Code    22  stm32f4xx_hal_rcc.o(i.HAL_RCC_GetPCLK1Freq)
    HAL_RCC_GetPCLK2Freq                     0x08001b71   Thumb Code    22  stm32f4xx_hal_rcc.o(i.HAL_RCC_GetPCLK2Freq)
    HAL_RCC_GetSysClockFreq                  0x08001b91   Thumb Code   162  stm32f4xx_hal_rcc.o(i.HAL_RCC_GetSysClockFreq)
    HAL_RCC_OscConfig                        0x08001c41   Thumb Code  1086  stm32f4xx_hal_rcc.o(i.HAL_RCC_OscConfig)
    HAL_SYSTICK_Config                       0x08002089   Thumb Code    52  stm32f4xx_hal_cortex.o(i.HAL_SYSTICK_Config)
    HAL_TIM_Base_Init                        0x080020bd   Thumb Code    52  stm32f4xx_hal_tim.o(i.HAL_TIM_Base_Init)
    HAL_TIM_Base_MspInit                     0x080020f1   Thumb Code     2  stm32f4xx_hal_tim.o(i.HAL_TIM_Base_MspInit)
    HAL_TIM_Base_Start                       0x080020f3   Thumb Code    42  stm32f4xx_hal_tim.o(i.HAL_TIM_Base_Start)
    HAL_UART_Init                            0x0800211d   Thumb Code   114  stm32f4xx_hal_uart.o(i.HAL_UART_Init)
    HAL_UART_MspInit                         0x0800218f   Thumb Code     2  stm32f4xx_hal_uart.o(i.HAL_UART_MspInit)
    HardFaultHandler                         0x08002191   Thumb Code   202  segger_hardfaulthandler.o(i.HardFaultHandler)
    MemManage_Handler                        0x0800237d   Thumb Code     4  stm32f4xx_it.o(i.MemManage_Handler)
    NMI_Handler                              0x08002381   Thumb Code     2  stm32f4xx_it.o(i.NMI_Handler)
    PendSV_Handler                           0x08002383   Thumb Code     2  stm32f4xx_it.o(i.PendSV_Handler)
    RS485_InitTXE                            0x08002385   Thumb Code    64  bsp_uart_fifo.o(i.RS485_InitTXE)
    SVC_Handler                              0x080023cd   Thumb Code     2  stm32f4xx_it.o(i.SVC_Handler)
    SysTick_Handler                          0x080023d1   Thumb Code    22  bsp_timer.o(i.SysTick_Handler)
    SysTick_ISR                              0x080023ed   Thumb Code   106  bsp_timer.o(i.SysTick_ISR)
    SystemInit                               0x08002559   Thumb Code    82  system_stm32f4xx.o(i.SystemInit)
    TIM2_IRQHandler                          0x080025bd   Thumb Code   164  bsp_timer.o(i.TIM2_IRQHandler)
    TIM_Base_SetConfig                       0x08002671   Thumb Code   170  stm32f4xx_hal_tim.o(i.TIM_Base_SetConfig)
    USART1_IRQHandler                        0x08002ab1   Thumb Code    10  bsp_uart_fifo.o(i.USART1_IRQHandler)
    UsageFault_Handler                       0x08002cd5   Thumb Code     4  stm32f4xx_it.o(i.UsageFault_Handler)
    __0printf                                0x08002cd9   Thumb Code    22  printfa.o(i.__0printf)
    __1printf                                0x08002cd9   Thumb Code     0  printfa.o(i.__0printf)
    __2printf                                0x08002cd9   Thumb Code     0  printfa.o(i.__0printf)
    __c89printf                              0x08002cd9   Thumb Code     0  printfa.o(i.__0printf)
    printf                                   0x08002cd9   Thumb Code     0  printfa.o(i.__0printf)
    __scatterload_copy                       0x08002d31   Thumb Code    14  handlers.o(i.__scatterload_copy)
    __scatterload_null                       0x08002d3f   Thumb Code     2  handlers.o(i.__scatterload_null)
    __scatterload_zeroinit                   0x08002d41   Thumb Code    14  handlers.o(i.__scatterload_zeroinit)
    bsp_Idle                                 0x080036f9   Thumb Code     2  bsp.o(i.bsp_Idle)
    bsp_Init                                 0x080036fb   Thumb Code    24  bsp.o(i.bsp_Init)
    bsp_InitHardTimer                        0x08003715   Thumb Code   148  bsp_timer.o(i.bsp_InitHardTimer)
    bsp_InitTimer                            0x080037d9   Thumb Code   146  bsp_timer.o(i.bsp_InitTimer)
    bsp_InitUart                             0x08003881   Thumb Code    16  bsp_uart_fifo.o(i.bsp_InitUart)
    bsp_RunPer1ms                            0x08003891   Thumb Code     2  bsp.o(i.bsp_RunPer1ms)
    bsp_SetUartParam                         0x08003895   Thumb Code    52  bsp_uart_fifo.o(i.bsp_SetUartParam)
    bsp_StartAutoTimer                       0x08003909   Thumb Code    84  bsp_timer.o(i.bsp_StartAutoTimer)
    comGetChar                               0x080039a5   Thumb Code    30  bsp_uart_fifo.o(i.comGetChar)
    comSendBuf                               0x080039c3   Thumb Code    46  bsp_uart_fifo.o(i.comSendBuf)
    comSendChar                              0x080039f1   Thumb Code    16  bsp_uart_fifo.o(i.comSendChar)
    fputc                                    0x08003a01   Thumb Code    18  bsp_uart_fifo.o(i.fputc)
    main                                     0x08003a15   Thumb Code    78  main.o(i.main)
    AHBPrescTable                            0x08003aa8   Data          16  system_stm32f4xx.o(.constdata)
    APBPrescTable                            0x08003ab8   Data           8  system_stm32f4xx.o(.constdata)
    arm_cfft_sR_f32_len1024                  0x08003ac0   Data          16  arm_const_structs.o(.constdata)
    twiddleCoef_1024                         0x08003ad0   Data        8192  arm_common_tables.o(.constdata)
    armBitRevIndexTable1024                  0x08005ad0   Data        3600  arm_common_tables.o(.constdata)
    sinTable_f32                             0x080068e0   Data        2052  arm_common_tables.o(.constdata)
    Region$$Table$$Base                      0x080070e4   Number         0  anon$$obj.o(Region$$Table)
    Region$$Table$$Limit                     0x08007104   Number         0  anon$$obj.o(Region$$Table)
    fftSize                                  0x20000000   Data           4  main.o(.data)
    ifftFlag                                 0x20000004   Data           4  main.o(.data)
    doBitReverse                             0x20000008   Data           4  main.o(.data)
    a                                        0x20000010   Data          36  main.o(.data)
    g_iRunTime                               0x2000004c   Data           4  bsp_timer.o(.data)
    uwTick                                   0x20000054   Data           4  stm32f4xx_hal.o(.data)
    uwTickPrio                               0x20000058   Data           4  stm32f4xx_hal.o(.data)
    uwTickFreq                               0x2000005c   Data           1  stm32f4xx_hal.o(.data)
    SystemCoreClock                          0x20000060   Data           4  system_stm32f4xx.o(.data)
    __stdout                                 0x20000068   Data           4  stdout.o(.data)
    fft_input                                0x2000606c   Data        8192  main.o(.bss)
    fft_output                               0x2000806c   Data        8192  main.o(.bss)
    ADC_ConvertedValue                       0x2000a06c   Data        4096  main.o(.bss)
    xcorr_out                                0x2000b084   Data          68  main.o(.bss)
    g_tBeep                                  0x2000b0c8   Data          14  bsp_beep.o(.bss)
    __initial_sp                             0x2000bd78   Data           0  startup_stm32f407xx.o(STACK)



==============================================================================

Memory Map of the image

  Image Entry point : 0x08000249

  Load Region LR_IROM1 (Base: 0x08000000, Size: 0x00007170, Max: 0x00100000, ABSOLUTE)

    Execution Region ER_IROM1 (Exec base: 0x08000000, Load base: 0x08000000, Size: 0x00007104, Max: 0x00100000, ABSOLUTE)

    Exec Addr    Load Addr    Size         Type   Attr      Idx    E Section Name        Object

    0x08000000   0x08000000   0x00000188   Data   RO         1033    RESET               startup_stm32f407xx.o
    0x08000188   0x08000188   0x000000c0   Code   RO         3382    . text              arm_cortexM4lf_math.lib(arm_bitreversal2.o)
    0x08000248   0x08000248   0x00000000   Code   RO         3468  * .ARM.Collect$$$$00000000  mc_w.l(entry.o)
    0x08000248   0x08000248   0x00000004   Code   RO         3744    .ARM.Collect$$$$00000001  mc_w.l(entry2.o)
    0x0800024c   0x0800024c   0x00000004   Code   RO         3747    .ARM.Collect$$$$00000004  mc_w.l(entry5.o)
    0x08000250   0x08000250   0x00000000   Code   RO         3749    .ARM.Collect$$$$00000008  mc_w.l(entry7b.o)
    0x08000250   0x08000250   0x00000000   Code   RO         3751    .ARM.Collect$$$$0000000A  mc_w.l(entry8b.o)
    0x08000250   0x08000250   0x00000008   Code   RO         3752    .ARM.Collect$$$$0000000B  mc_w.l(entry9a.o)
    0x08000258   0x08000258   0x00000000   Code   RO         3754    .ARM.Collect$$$$0000000D  mc_w.l(entry10a.o)
    0x08000258   0x08000258   0x00000000   Code   RO         3756    .ARM.Collect$$$$0000000F  mc_w.l(entry11a.o)
    0x08000258   0x08000258   0x00000004   Code   RO         3745    .ARM.Collect$$$$00002712  mc_w.l(entry2.o)
    0x0800025c   0x0800025c   0x00000024   Code   RO         1034    .text               startup_stm32f407xx.o
    0x08000280   0x08000280   0x00000074   Code   RO         3207    .text               arm_cortexM4lf_math.lib(arm_sin_f32.o)
    0x080002f4   0x080002f4   0x000000fc   Code   RO         3260    .text               arm_cortexM4lf_math.lib(arm_cmplx_mag_f32.o)
    0x080003f0   0x080003f0   0x00000722   Code   RO         3287    .text               arm_cortexM4lf_math.lib(arm_cfft_f32.o)
    0x08000b12   0x08000b12   0x00000002   PAD
    0x08000b14   0x08000b14   0x000004dc   Code   RO         3361    .text               arm_cortexM4lf_math.lib(arm_cfft_radix8_f32.o)
    0x08000ff0   0x08000ff0   0x00000062   Code   RO         3471    .text               mc_w.l(uldiv.o)
    0x08001052   0x08001052   0x00000024   Code   RO         3473    .text               mc_w.l(memcpya.o)
    0x08001076   0x08001076   0x00000024   Code   RO         3475    .text               mc_w.l(memseta.o)
    0x0800109a   0x0800109a   0x0000000e   Code   RO         3477    .text               mc_w.l(strlen.o)
    0x080010a8   0x080010a8   0x00000026   Code   RO         3742    .text               mf_w.l(f2d.o)
    0x080010ce   0x080010ce   0x0000002c   Code   RO         3759    .text               mc_w.l(uidiv.o)
    0x080010fa   0x080010fa   0x0000001e   Code   RO         3761    .text               mc_w.l(llshl.o)
    0x08001118   0x08001118   0x00000020   Code   RO         3763    .text               mc_w.l(llushr.o)
    0x08001138   0x08001138   0x00000000   Code   RO         3765    .text               mc_w.l(iusefp.o)
    0x08001138   0x08001138   0x0000014e   Code   RO         3766    .text               mf_w.l(dadd.o)
    0x08001286   0x08001286   0x000000e4   Code   RO         3768    .text               mf_w.l(dmul.o)
    0x0800136a   0x0800136a   0x000000de   Code   RO         3770    .text               mf_w.l(ddiv.o)
    0x08001448   0x08001448   0x00000030   Code   RO         3772    .text               mf_w.l(dfixul.o)
    0x08001478   0x08001478   0x00000030   Code   RO         3774    .text               mf_w.l(cdrcmple.o)
    0x080014a8   0x080014a8   0x00000024   Code   RO         3776    .text               mc_w.l(init.o)
    0x080014cc   0x080014cc   0x00000024   Code   RO         3778    .text               mc_w.l(llsshr.o)
    0x080014f0   0x080014f0   0x000000ba   Code   RO         3780    .text               mf_w.l(depilogue.o)
    0x080015aa   0x080015aa   0x00000002   PAD
    0x080015ac   0x080015ac   0x00000012   Code   RO         3165    OSKERNEL            hardfaulthandler.o
    0x080015be   0x080015be   0x00000002   PAD
    0x080015c0   0x080015c0   0x0000000c   Code   RO          541    i.BEEP_InitHard     bsp_beep.o
    0x080015cc   0x080015cc   0x00000004   Code   RO          904    i.BusFault_Handler  stm32f4xx_it.o
    0x080015d0   0x080015d0   0x00000068   Code   RO          729    i.ComToUart         bsp_uart_fifo.o
    0x08001638   0x08001638   0x00000002   Code   RO          905    i.DebugMon_Handler  stm32f4xx_it.o
    0x0800163a   0x0800163a   0x00000008   Code   RO          341    i.Error_Handler     bsp.o
    0x08001642   0x08001642   0x00000002   PAD
    0x08001644   0x08001644   0x0000000c   Code   RO         1050    i.HAL_EnableCompensationCell  stm32f4xx_hal.o
    0x08001650   0x08001650   0x00000200   Code   RO         1485    i.HAL_GPIO_Init     stm32f4xx_hal_gpio.o
    0x08001850   0x08001850   0x0000000c   Code   RO         1054    i.HAL_GetTick       stm32f4xx_hal.o
    0x0800185c   0x0800185c   0x00000018   Code   RO         1060    i.HAL_IncTick       stm32f4xx_hal.o
    0x08001874   0x08001874   0x0000003c   Code   RO         1061    i.HAL_Init          stm32f4xx_hal.o
    0x080018b0   0x080018b0   0x0000004c   Code   RO         1062    i.HAL_InitTick      stm32f4xx_hal.o
    0x080018fc   0x080018fc   0x00000002   Code   RO         1064    i.HAL_MspInit       stm32f4xx_hal.o
    0x080018fe   0x080018fe   0x00000020   Code   RO         1229    i.HAL_NVIC_EnableIRQ  stm32f4xx_hal_cortex.o
    0x0800191e   0x0800191e   0x0000007c   Code   RO         1235    i.HAL_NVIC_SetPriority  stm32f4xx_hal_cortex.o
    0x0800199a   0x0800199a   0x00000002   PAD
    0x0800199c   0x0800199c   0x00000028   Code   RO         1236    i.HAL_NVIC_SetPriorityGrouping  stm32f4xx_hal_cortex.o
    0x080019c4   0x080019c4   0x00000180   Code   RO         1549    i.HAL_RCC_ClockConfig  stm32f4xx_hal_rcc.o
    0x08001b44   0x08001b44   0x0000000c   Code   RO         1554    i.HAL_RCC_GetHCLKFreq  stm32f4xx_hal_rcc.o
    0x08001b50   0x08001b50   0x00000020   Code   RO         1556    i.HAL_RCC_GetPCLK1Freq  stm32f4xx_hal_rcc.o
    0x08001b70   0x08001b70   0x00000020   Code   RO         1557    i.HAL_RCC_GetPCLK2Freq  stm32f4xx_hal_rcc.o
    0x08001b90   0x08001b90   0x000000b0   Code   RO         1558    i.HAL_RCC_GetSysClockFreq  stm32f4xx_hal_rcc.o
    0x08001c40   0x08001c40   0x00000448   Code   RO         1561    i.HAL_RCC_OscConfig  stm32f4xx_hal_rcc.o
    0x08002088   0x08002088   0x00000034   Code   RO         1240    i.HAL_SYSTICK_Config  stm32f4xx_hal_cortex.o
    0x080020bc   0x080020bc   0x00000034   Code   RO         1652    i.HAL_TIM_Base_Init  stm32f4xx_hal_tim.o
    0x080020f0   0x080020f0   0x00000002   Code   RO         1654    i.HAL_TIM_Base_MspInit  stm32f4xx_hal_tim.o
    0x080020f2   0x080020f2   0x0000002a   Code   RO         1655    i.HAL_TIM_Base_Start  stm32f4xx_hal_tim.o
    0x0800211c   0x0800211c   0x00000072   Code   RO         2363    i.HAL_UART_Init     stm32f4xx_hal_uart.o
    0x0800218e   0x0800218e   0x00000002   Code   RO         2365    i.HAL_UART_MspInit  stm32f4xx_hal_uart.o
    0x08002190   0x08002190   0x00000108   Code   RO         3171    i.HardFaultHandler  segger_hardfaulthandler.o
    0x08002298   0x08002298   0x000000e4   Code   RO          730    i.InitHardUart      bsp_uart_fifo.o
    0x0800237c   0x0800237c   0x00000004   Code   RO          906    i.MemManage_Handler  stm32f4xx_it.o
    0x08002380   0x08002380   0x00000002   Code   RO          907    i.NMI_Handler       stm32f4xx_it.o
    0x08002382   0x08002382   0x00000002   Code   RO          908    i.PendSV_Handler    stm32f4xx_it.o
    0x08002384   0x08002384   0x00000048   Code   RO          731    i.RS485_InitTXE     bsp_uart_fifo.o
    0x080023cc   0x080023cc   0x00000002   Code   RO          909    i.SVC_Handler       stm32f4xx_it.o
    0x080023ce   0x080023ce   0x00000002   PAD
    0x080023d0   0x080023d0   0x0000001c   Code   RO          604    i.SysTick_Handler   bsp_timer.o
    0x080023ec   0x080023ec   0x00000080   Code   RO          605    i.SysTick_ISR       bsp_timer.o
    0x0800246c   0x0800246c   0x000000ec   Code   RO          342    i.SystemClock_Config  bsp.o
    0x08002558   0x08002558   0x00000064   Code   RO         3132    i.SystemInit        system_stm32f4xx.o
    0x080025bc   0x080025bc   0x000000b4   Code   RO          606    i.TIM2_IRQHandler   bsp_timer.o
    0x08002670   0x08002670   0x000000d8   Code   RO         1740    i.TIM_Base_SetConfig  stm32f4xx_hal_tim.o
    0x08002748   0x08002748   0x00000368   Code   RO         2390    i.UART_SetConfig    stm32f4xx_hal_uart.o
    0x08002ab0   0x08002ab0   0x00000010   Code   RO          738    i.USART1_IRQHandler  bsp_uart_fifo.o
    0x08002ac0   0x08002ac0   0x0000004a   Code   RO          739    i.UartGetChar       bsp_uart_fifo.o
    0x08002b0a   0x08002b0a   0x000000f6   Code   RO          740    i.UartIRQ           bsp_uart_fifo.o
    0x08002c00   0x08002c00   0x00000092   Code   RO          741    i.UartSend          bsp_uart_fifo.o
    0x08002c92   0x08002c92   0x00000002   PAD
    0x08002c94   0x08002c94   0x00000040   Code   RO          743    i.UartVarInit       bsp_uart_fifo.o
    0x08002cd4   0x08002cd4   0x00000004   Code   RO          910    i.UsageFault_Handler  stm32f4xx_it.o
    0x08002cd8   0x08002cd8   0x00000020   Code   RO         3714    i.__0printf         mc_w.l(printfa.o)
    0x08002cf8   0x08002cf8   0x00000010   Code   RO         1242    i.__NVIC_GetPriorityGrouping  stm32f4xx_hal_cortex.o
    0x08002d08   0x08002d08   0x00000028   Code   RO         1243    i.__NVIC_SetPriority  stm32f4xx_hal_cortex.o
    0x08002d30   0x08002d30   0x0000000e   Code   RO         3784    i.__scatterload_copy  mc_w.l(handlers.o)
    0x08002d3e   0x08002d3e   0x00000002   Code   RO         3785    i.__scatterload_null  mc_w.l(handlers.o)
    0x08002d40   0x08002d40   0x0000000e   Code   RO         3786    i.__scatterload_zeroinit  mc_w.l(handlers.o)
    0x08002d4e   0x08002d4e   0x00000006   Code   RO          607    i.__set_PRIMASK     bsp_timer.o
    0x08002d54   0x08002d54   0x00000006   Code   RO          744    i.__set_PRIMASK     bsp_uart_fifo.o
    0x08002d5a   0x08002d5a   0x00000002   PAD
    0x08002d5c   0x08002d5c   0x00000184   Code   RO         3721    i._fp_digits        mc_w.l(printfa.o)
    0x08002ee0   0x08002ee0   0x000006dc   Code   RO         3722    i._printf_core      mc_w.l(printfa.o)
    0x080035bc   0x080035bc   0x00000024   Code   RO         3723    i._printf_post_padding  mc_w.l(printfa.o)
    0x080035e0   0x080035e0   0x0000002e   Code   RO         3724    i._printf_pre_padding  mc_w.l(printfa.o)
    0x0800360e   0x0800360e   0x00000002   PAD
    0x08003610   0x08003610   0x000000e8   Code   RO            5    i.arm_cfft_f32_app  main.o
    0x080036f8   0x080036f8   0x00000002   Code   RO          343    i.bsp_Idle          bsp.o
    0x080036fa   0x080036fa   0x00000018   Code   RO          344    i.bsp_Init          bsp.o
    0x08003712   0x08003712   0x00000002   PAD
    0x08003714   0x08003714   0x000000c4   Code   RO          613    i.bsp_InitHardTimer  bsp_timer.o
    0x080037d8   0x080037d8   0x000000a8   Code   RO          614    i.bsp_InitTimer     bsp_timer.o
    0x08003880   0x08003880   0x00000010   Code   RO          745    i.bsp_InitUart      bsp_uart_fifo.o
    0x08003890   0x08003890   0x00000002   Code   RO          345    i.bsp_RunPer1ms     bsp.o
    0x08003892   0x08003892   0x00000002   PAD
    0x08003894   0x08003894   0x00000058   Code   RO          746    i.bsp_SetUartParam  bsp_uart_fifo.o
    0x080038ec   0x080038ec   0x0000001c   Code   RO          615    i.bsp_SoftTimerDec  bsp_timer.o
    0x08003908   0x08003908   0x0000009c   Code   RO          616    i.bsp_StartAutoTimer  bsp_timer.o
    0x080039a4   0x080039a4   0x0000001e   Code   RO          749    i.comGetChar        bsp_uart_fifo.o
    0x080039c2   0x080039c2   0x0000002e   Code   RO          750    i.comSendBuf        bsp_uart_fifo.o
    0x080039f0   0x080039f0   0x00000010   Code   RO          751    i.comSendChar       bsp_uart_fifo.o
    0x08003a00   0x08003a00   0x00000012   Code   RO          754    i.fputc             bsp_uart_fifo.o
    0x08003a12   0x08003a12   0x00000002   PAD
    0x08003a14   0x08003a14   0x00000064   Code   RO            6    i.main              main.o
    0x08003a78   0x08003a78   0x00000030   Data   RO          621    .constdata          bsp_timer.o
    0x08003aa8   0x08003aa8   0x00000018   Data   RO         3133    .constdata          system_stm32f4xx.o
    0x08003ac0   0x08003ac0   0x00000010   Data   RO         3317    .constdata          arm_cortexM4lf_math.lib(arm_const_structs.o)
    0x08003ad0   0x08003ad0   0x00002000   Data   RO         3396    .constdata          arm_cortexM4lf_math.lib(arm_common_tables.o)
    0x08005ad0   0x08005ad0   0x00000e10   Data   RO         3425    .constdata          arm_cortexM4lf_math.lib(arm_common_tables.o)
    0x080068e0   0x080068e0   0x00000804   Data   RO         3445    .constdata          arm_cortexM4lf_math.lib(arm_common_tables.o)
    0x080070e4   0x080070e4   0x00000020   Data   RO         3782    Region$$Table       anon$$obj.o


    Execution Region RW_IRAM1 (Exec base: 0x20000000, Load base: 0x08007104, Size: 0x0000bd78, Max: 0x00020000, ABSOLUTE)

    Exec Addr    Load Addr    Size         Type   Attr      Idx    E Section Name        Object

    0x20000000   0x08007104   0x00000034   Data   RW           10    .data               main.o
    0x20000034   0x08007138   0x0000001e   Data   RW          622    .data               bsp_timer.o
    0x20000052   0x08007156   0x00000002   PAD
    0x20000054   0x08007158   0x00000009   Data   RW         1068    .data               stm32f4xx_hal.o
    0x2000005d   0x08007161   0x00000003   PAD
    0x20000060   0x08007164   0x00000004   Data   RW         3134    .data               system_stm32f4xx.o
    0x20000064   0x08007168   0x00000004   Data   RW         3173    .data               segger_hardfaulthandler.o
    0x20000068   0x0800716c   0x00000004   Data   RW         3758    .data               mc_w.l(stdout.o)
    0x2000006c        -       0x0000b05c   Zero   RW            9    .bss                main.o
    0x2000b0c8        -       0x0000000e   Zero   RW          548    .bss                bsp_beep.o
    0x2000b0d6   0x08007170   0x00000002   PAD
    0x2000b0d8        -       0x00000030   Zero   RW          620    .bss                bsp_timer.o
    0x2000b108        -       0x0000082c   Zero   RW          755    .bss                bsp_uart_fifo.o
    0x2000b934        -       0x00000040   Zero   RW         3172    .bss                segger_hardfaulthandler.o
    0x2000b974   0x08007170   0x00000004   PAD
    0x2000b978        -       0x00000400   Zero   RW         1031    STACK               startup_stm32f407xx.o


==============================================================================

Image component sizes


      Code (inc. data)   RO Data    RW Data    ZI Data      Debug   Object Name

       272         32          0          0          0       3066   bsp.o
        12          4          0          0         14        730   bsp_beep.o
       890        186         48         30         48      42596   bsp_timer.o
      1170        122          0          0       2092      12646   bsp_uart_fifo.o
        18          0          0          0          0        336   hardfaulthandler.o
       332         66          0         52      45148     706767   main.o
       264         62          0          4         64       3543   segger_hardfaulthandler.o
        36          8        392          0       1024        952   startup_stm32f407xx.o
       186         36          0          9          0       5212   stm32f4xx_hal.o
       304         22          0          0          0      34579   stm32f4xx_hal_cortex.o
       512         46          0          0          0       1724   stm32f4xx_hal_gpio.o
      1732         84          0          0          0       5764   stm32f4xx_hal_rcc.o
       312         46          0          0          0       3273   stm32f4xx_hal_tim.o
       988          8          0          0          0       2499   stm32f4xx_hal_uart.o
        20          0          0          0          0       3448   stm32f4xx_it.o
       100         18         24          4          0       1479   system_stm32f4xx.o

    ----------------------------------------------------------------------
      7166        740        496        104      48396     828614   Object Totals
         0          0         32          0          0          0   (incl. Generated)
        18          0          0          5          6          0   (incl. Padding)

    ----------------------------------------------------------------------

      Code (inc. data)   RO Data    RW Data    ZI Data      Debug   Library Member Name

       192          0          0          0          0        528   arm_bitreversal2.o
      1826          0          0          0          0       3577   arm_cfft_f32.o
      1244          4          0          0          0       2395   arm_cfft_radix8_f32.o
       252          6          0          0          0      14320   arm_cmplx_mag_f32.o
         0          0      13844          0          0       4636   arm_common_tables.o
         0          0         16          0          0       2191   arm_const_structs.o
       116         12          0          0          0      16974   arm_sin_f32.o
         0          0          0          0          0          0   entry.o
         0          0          0          0          0          0   entry10a.o
         0          0          0          0          0          0   entry11a.o
         8          4          0          0          0          0   entry2.o
         4          0          0          0          0          0   entry5.o
         0          0          0          0          0          0   entry7b.o
         0          0          0          0          0          0   entry8b.o
         8          4          0          0          0          0   entry9a.o
        30          0          0          0          0          0   handlers.o
        36          8          0          0          0         68   init.o
         0          0          0          0          0          0   iusefp.o
        30          0          0          0          0         68   llshl.o
        36          0          0          0          0         68   llsshr.o
        32          0          0          0          0         68   llushr.o
        36          0          0          0          0         68   memcpya.o
        36          0          0          0          0        108   memseta.o
      2258         90          0          0          0        452   printfa.o
         0          0          0          4          0          0   stdout.o
        14          0          0          0          0         68   strlen.o
        44          0          0          0          0         80   uidiv.o
        98          0          0          0          0         92   uldiv.o
        48          0          0          0          0         68   cdrcmple.o
       334          0          0          0          0        148   dadd.o
       222          0          0          0          0        100   ddiv.o
       186          0          0          0          0        176   depilogue.o
        48          0          0          0          0         68   dfixul.o
       228          0          0          0          0         96   dmul.o
        38          0          0          0          0         68   f2d.o

    ----------------------------------------------------------------------
      7410        128      13860          4          0      46485   Library Totals
         6          0          0          0          0          0   (incl. Padding)

    ----------------------------------------------------------------------

      Code (inc. data)   RO Data    RW Data    ZI Data      Debug   Library Name

      3630         22      13860          0          0      44621   arm_cortexM4lf_math.lib
      2670        106          0          4          0       1140   mc_w.l
      1104          0          0          0          0        724   mf_w.l

    ----------------------------------------------------------------------
      7410        128      13860          4          0      46485   Library Totals

    ----------------------------------------------------------------------

==============================================================================


      Code (inc. data)   RO Data    RW Data    ZI Data      Debug   

     14576        868      14356        108      48396     868067   Grand Totals
     14576        868      14356        108      48396     868067   ELF Image Totals
     14576        868      14356        108          0          0   ROM Totals

==============================================================================

    Total RO  Size (Code + RO Data)                28932 (  28.25kB)
    Total RW  Size (RW Data + ZI Data)             48504 (  47.37kB)
    Total ROM Size (Code + RO Data + RW Data)      29040 (  28.36kB)

==============================================================================

